###############################################################################
#
# IAR ELF Linker V7.40.5.9725/W32 for ARM                 20/Oct/2015  12:35:19
# Copyright 2007-2015 IAR Systems AB.
#
#    Output file  =  
#        F:\PATH_EN\Code\STM32F746G-RadioYuN\Projects\STM32F746G-DISCO\RadioYuN\IAR\STM32F7-DISCO\Exe\STM32F746G-RadioYuN.out
#    Map file     =  
#        F:\PATH_EN\Code\STM32F746G-RadioYuN\Projects\STM32F746G-DISCO\RadioYuN\IAR\STM32F7-DISCO\List\STM32F746G-RadioYuN.map
#    Command line =  
#        F:\PATH_EN\Code\STM32F746G-RadioYuN\Projects\STM32F746G-DISCO\RadioYuN\IAR\STM32F7-DISCO\Obj\api_lib.o
#        F:\PATH_EN\Code\STM32F746G-RadioYuN\Projects\STM32F746G-DISCO\RadioYuN\IAR\STM32F7-DISCO\Obj\api_msg.o
#        F:\PATH_EN\Code\STM32F746G-RadioYuN\Projects\STM32F746G-DISCO\RadioYuN\IAR\STM32F7-DISCO\Obj\audio_if.o
#        F:\PATH_EN\Code\STM32F746G-RadioYuN\Projects\STM32F746G-DISCO\RadioYuN\IAR\STM32F7-DISCO\Obj\audio_player_app.o
#        F:\PATH_EN\Code\STM32F746G-RadioYuN\Projects\STM32F746G-DISCO\RadioYuN\IAR\STM32F7-DISCO\Obj\audio_player_win.o
#        F:\PATH_EN\Code\STM32F746G-RadioYuN\Projects\STM32F746G-DISCO\RadioYuN\IAR\STM32F7-DISCO\Obj\audio_recorder_app.o
#        F:\PATH_EN\Code\STM32F746G-RadioYuN\Projects\STM32F746G-DISCO\RadioYuN\IAR\STM32F7-DISCO\Obj\audio_recorder_win.o
#        F:\PATH_EN\Code\STM32F746G-RadioYuN\Projects\STM32F746G-DISCO\RadioYuN\IAR\STM32F7-DISCO\Obj\autoip.o
#        F:\PATH_EN\Code\STM32F746G-RadioYuN\Projects\STM32F746G-DISCO\RadioYuN\IAR\STM32F7-DISCO\Obj\cmsis_os.o
#        F:\PATH_EN\Code\STM32F746G-RadioYuN\Projects\STM32F746G-DISCO\RadioYuN\IAR\STM32F7-DISCO\Obj\cpu_utils.o
#        F:\PATH_EN\Code\STM32F746G-RadioYuN\Projects\STM32F746G-DISCO\RadioYuN\IAR\STM32F7-DISCO\Obj\croutine.o
#        F:\PATH_EN\Code\STM32F746G-RadioYuN\Projects\STM32F746G-DISCO\RadioYuN\IAR\STM32F7-DISCO\Obj\def.o
#        F:\PATH_EN\Code\STM32F746G-RadioYuN\Projects\STM32F746G-DISCO\RadioYuN\IAR\STM32F7-DISCO\Obj\dhcp.o
#        F:\PATH_EN\Code\STM32F746G-RadioYuN\Projects\STM32F746G-DISCO\RadioYuN\IAR\STM32F7-DISCO\Obj\diskio.o
#        F:\PATH_EN\Code\STM32F746G-RadioYuN\Projects\STM32F746G-DISCO\RadioYuN\IAR\STM32F7-DISCO\Obj\dns.o
#        F:\PATH_EN\Code\STM32F746G-RadioYuN\Projects\STM32F746G-DISCO\RadioYuN\IAR\STM32F7-DISCO\Obj\err.o
#        F:\PATH_EN\Code\STM32F746G-RadioYuN\Projects\STM32F746G-DISCO\RadioYuN\IAR\STM32F7-DISCO\Obj\etharp.o
#        F:\PATH_EN\Code\STM32F746G-RadioYuN\Projects\STM32F746G-DISCO\RadioYuN\IAR\STM32F7-DISCO\Obj\ethernetif.o
#        F:\PATH_EN\Code\STM32F746G-RadioYuN\Projects\STM32F746G-DISCO\RadioYuN\IAR\STM32F7-DISCO\Obj\event_groups.o
#        F:\PATH_EN\Code\STM32F746G-RadioYuN\Projects\STM32F746G-DISCO\RadioYuN\IAR\STM32F7-DISCO\Obj\ff.o
#        F:\PATH_EN\Code\STM32F746G-RadioYuN\Projects\STM32F746G-DISCO\RadioYuN\IAR\STM32F7-DISCO\Obj\ff_gen_drv.o
#        F:\PATH_EN\Code\STM32F746G-RadioYuN\Projects\STM32F746G-DISCO\RadioYuN\IAR\STM32F7-DISCO\Obj\ft5336.o
#        F:\PATH_EN\Code\STM32F746G-RadioYuN\Projects\STM32F746G-DISCO\RadioYuN\IAR\STM32F7-DISCO\Obj\games_win.o
#        F:\PATH_EN\Code\STM32F746G-RadioYuN\Projects\STM32F746G-DISCO\RadioYuN\IAR\STM32F7-DISCO\Obj\gardening_control_win.o
#        F:\PATH_EN\Code\STM32F746G-RadioYuN\Projects\STM32F746G-DISCO\RadioYuN\IAR\STM32F7-DISCO\Obj\GUI_X_OS.o
#        F:\PATH_EN\Code\STM32F746G-RadioYuN\Projects\STM32F746G-DISCO\RadioYuN\IAR\STM32F7-DISCO\Obj\GUIConf.o
#        F:\PATH_EN\Code\STM32F746G-RadioYuN\Projects\STM32F746G-DISCO\RadioYuN\IAR\STM32F7-DISCO\Obj\heap_4.o
#        F:\PATH_EN\Code\STM32F746G-RadioYuN\Projects\STM32F746G-DISCO\RadioYuN\IAR\STM32F7-DISCO\Obj\home_alarm_win.o
#        F:\PATH_EN\Code\STM32F746G-RadioYuN\Projects\STM32F746G-DISCO\RadioYuN\IAR\STM32F7-DISCO\Obj\icmp.o
#        F:\PATH_EN\Code\STM32F746G-RadioYuN\Projects\STM32F746G-DISCO\RadioYuN\IAR\STM32F7-DISCO\Obj\igmp.o
#        F:\PATH_EN\Code\STM32F746G-RadioYuN\Projects\STM32F746G-DISCO\RadioYuN\IAR\STM32F7-DISCO\Obj\inet.o
#        F:\PATH_EN\Code\STM32F746G-RadioYuN\Projects\STM32F746G-DISCO\RadioYuN\IAR\STM32F7-DISCO\Obj\inet_chksum.o
#        F:\PATH_EN\Code\STM32F746G-RadioYuN\Projects\STM32F746G-DISCO\RadioYuN\IAR\STM32F7-DISCO\Obj\init.o
#        F:\PATH_EN\Code\STM32F746G-RadioYuN\Projects\STM32F746G-DISCO\RadioYuN\IAR\STM32F7-DISCO\Obj\ip.o
#        F:\PATH_EN\Code\STM32F746G-RadioYuN\Projects\STM32F746G-DISCO\RadioYuN\IAR\STM32F7-DISCO\Obj\ip_addr.o
#        F:\PATH_EN\Code\STM32F746G-RadioYuN\Projects\STM32F746G-DISCO\RadioYuN\IAR\STM32F7-DISCO\Obj\ip_frag.o
#        F:\PATH_EN\Code\STM32F746G-RadioYuN\Projects\STM32F746G-DISCO\RadioYuN\IAR\STM32F7-DISCO\Obj\k_bsp.o
#        F:\PATH_EN\Code\STM32F746G-RadioYuN\Projects\STM32F746G-DISCO\RadioYuN\IAR\STM32F7-DISCO\Obj\k_menu.o
#        F:\PATH_EN\Code\STM32F746G-RadioYuN\Projects\STM32F746G-DISCO\RadioYuN\IAR\STM32F7-DISCO\Obj\k_module.o
#        F:\PATH_EN\Code\STM32F746G-RadioYuN\Projects\STM32F746G-DISCO\RadioYuN\IAR\STM32F7-DISCO\Obj\k_rtc.o
#        F:\PATH_EN\Code\STM32F746G-RadioYuN\Projects\STM32F746G-DISCO\RadioYuN\IAR\STM32F7-DISCO\Obj\k_startup.o
#        F:\PATH_EN\Code\STM32F746G-RadioYuN\Projects\STM32F746G-DISCO\RadioYuN\IAR\STM32F7-DISCO\Obj\k_storage.o
#        F:\PATH_EN\Code\STM32F746G-RadioYuN\Projects\STM32F746G-DISCO\RadioYuN\IAR\STM32F7-DISCO\Obj\LCDConf.o
#        F:\PATH_EN\Code\STM32F746G-RadioYuN\Projects\STM32F746G-DISCO\RadioYuN\Modules\Audio_Player\Addons\SpiritDSP_Equalizer\lib_equalizer_cortex_m4.a
#        F:\PATH_EN\Code\STM32F746G-RadioYuN\Projects\STM32F746G-DISCO\RadioYuN\Modules\Audio_Player\Addons\SpiritDSP_LoudnessControl\lib_loudness_cortex_m4.a
#        F:\PATH_EN\Code\STM32F746G-RadioYuN\Projects\STM32F746G-DISCO\RadioYuN\IAR\STM32F7-DISCO\Obj\list.o
#        F:\PATH_EN\Code\STM32F746G-RadioYuN\Projects\STM32F746G-DISCO\RadioYuN\IAR\STM32F7-DISCO\Obj\lwip_timers.o
#        F:\PATH_EN\Code\STM32F746G-RadioYuN\Projects\STM32F746G-DISCO\RadioYuN\IAR\STM32F7-DISCO\Obj\main.o
#        F:\PATH_EN\Code\STM32F746G-RadioYuN\Projects\STM32F746G-DISCO\RadioYuN\IAR\STM32F7-DISCO\Obj\mem.o
#        F:\PATH_EN\Code\STM32F746G-RadioYuN\Projects\STM32F746G-DISCO\RadioYuN\IAR\STM32F7-DISCO\Obj\memp.o
#        F:\PATH_EN\Code\STM32F746G-RadioYuN\Projects\STM32F746G-DISCO\RadioYuN\IAR\STM32F7-DISCO\Obj\netbuf.o
#        F:\PATH_EN\Code\STM32F746G-RadioYuN\Projects\STM32F746G-DISCO\RadioYuN\IAR\STM32F7-DISCO\Obj\netdb.o
#        F:\PATH_EN\Code\STM32F746G-RadioYuN\Projects\STM32F746G-DISCO\RadioYuN\IAR\STM32F7-DISCO\Obj\netif.o
#        F:\PATH_EN\Code\STM32F746G-RadioYuN\Projects\STM32F746G-DISCO\RadioYuN\IAR\STM32F7-DISCO\Obj\netifapi.o
#        F:\PATH_EN\Code\STM32F746G-RadioYuN\Projects\STM32F746G-DISCO\RadioYuN\IAR\STM32F7-DISCO\Obj\pbuf.o
#        F:\PATH_EN\Code\STM32F746G-RadioYuN\Projects\STM32F746G-DISCO\RadioYuN\IAR\STM32F7-DISCO\Obj\port.o
#        F:\PATH_EN\Code\STM32F746G-RadioYuN\Projects\STM32F746G-DISCO\RadioYuN\IAR\STM32F7-DISCO\Obj\portasm.o
#        F:\PATH_EN\Code\STM32F746G-RadioYuN\Projects\STM32F746G-DISCO\RadioYuN\IAR\STM32F7-DISCO\Obj\queue.o
#        F:\PATH_EN\Code\STM32F746G-RadioYuN\Projects\STM32F746G-DISCO\RadioYuN\IAR\STM32F7-DISCO\Obj\raw.o
#        F:\PATH_EN\Code\STM32F746G-RadioYuN\Projects\STM32F746G-DISCO\RadioYuN\IAR\STM32F7-DISCO\Obj\settings_win.o
#        F:\PATH_EN\Code\STM32F746G-RadioYuN\Projects\STM32F746G-DISCO\RadioYuN\IAR\STM32F7-DISCO\Obj\sockets.o
#        F:\PATH_EN\Code\STM32F746G-RadioYuN\Projects\STM32F746G-DISCO\RadioYuN\IAR\STM32F7-DISCO\Obj\startup_stm32f746xx.o
#        F:\PATH_EN\Code\STM32F746G-RadioYuN\Projects\STM32F746G-DISCO\RadioYuN\IAR\STM32F7-DISCO\Obj\stats.o
#        F:\PATH_EN\Code\STM32F746G-RadioYuN\Middlewares\ST\STemWin\Lib\STemWin528_CM7_OS_IAR_ot.a
#        F:\PATH_EN\Code\STM32F746G-RadioYuN\Projects\STM32F746G-DISCO\RadioYuN\IAR\STM32F7-DISCO\Obj\stm32746g_discovery.o
#        F:\PATH_EN\Code\STM32F746G-RadioYuN\Projects\STM32F746G-DISCO\RadioYuN\IAR\STM32F7-DISCO\Obj\stm32746g_discovery_audio.o
#        F:\PATH_EN\Code\STM32F746G-RadioYuN\Projects\STM32F746G-DISCO\RadioYuN\IAR\STM32F7-DISCO\Obj\stm32746g_discovery_camera.o
#        F:\PATH_EN\Code\STM32F746G-RadioYuN\Projects\STM32F746G-DISCO\RadioYuN\IAR\STM32F7-DISCO\Obj\stm32746g_discovery_eeprom.o
#        F:\PATH_EN\Code\STM32F746G-RadioYuN\Projects\STM32F746G-DISCO\RadioYuN\IAR\STM32F7-DISCO\Obj\stm32746g_discovery_lcd.o
#        F:\PATH_EN\Code\STM32F746G-RadioYuN\Projects\STM32F746G-DISCO\RadioYuN\IAR\STM32F7-DISCO\Obj\stm32746g_discovery_qspi.o
#        F:\PATH_EN\Code\STM32F746G-RadioYuN\Projects\STM32F746G-DISCO\RadioYuN\IAR\STM32F7-DISCO\Obj\stm32746g_discovery_sd.o
#        F:\PATH_EN\Code\STM32F746G-RadioYuN\Projects\STM32F746G-DISCO\RadioYuN\IAR\STM32F7-DISCO\Obj\stm32746g_discovery_sdram.o
#        F:\PATH_EN\Code\STM32F746G-RadioYuN\Projects\STM32F746G-DISCO\RadioYuN\STemWin_Addons\STM32746G_Discovery_STemWin_Addons_IAR.a
#        F:\PATH_EN\Code\STM32F746G-RadioYuN\Projects\STM32F746G-DISCO\RadioYuN\IAR\STM32F7-DISCO\Obj\stm32746g_discovery_ts.o
#        F:\PATH_EN\Code\STM32F746G-RadioYuN\Projects\STM32F746G-DISCO\RadioYuN\IAR\STM32F7-DISCO\Obj\stm32f7xx_hal.o
#        F:\PATH_EN\Code\STM32F746G-RadioYuN\Projects\STM32F746G-DISCO\RadioYuN\IAR\STM32F7-DISCO\Obj\stm32f7xx_hal_adc.o
#        F:\PATH_EN\Code\STM32F746G-RadioYuN\Projects\STM32F746G-DISCO\RadioYuN\IAR\STM32F7-DISCO\Obj\stm32f7xx_hal_adc_ex.o
#        F:\PATH_EN\Code\STM32F746G-RadioYuN\Projects\STM32F746G-DISCO\RadioYuN\IAR\STM32F7-DISCO\Obj\stm32f7xx_hal_can.o
#        F:\PATH_EN\Code\STM32F746G-RadioYuN\Projects\STM32F746G-DISCO\RadioYuN\IAR\STM32F7-DISCO\Obj\stm32f7xx_hal_cec.o
#        F:\PATH_EN\Code\STM32F746G-RadioYuN\Projects\STM32F746G-DISCO\RadioYuN\IAR\STM32F7-DISCO\Obj\stm32f7xx_hal_cortex.o
#        F:\PATH_EN\Code\STM32F746G-RadioYuN\Projects\STM32F746G-DISCO\RadioYuN\IAR\STM32F7-DISCO\Obj\stm32f7xx_hal_crc.o
#        F:\PATH_EN\Code\STM32F746G-RadioYuN\Projects\STM32F746G-DISCO\RadioYuN\IAR\STM32F7-DISCO\Obj\stm32f7xx_hal_crc_ex.o
#        F:\PATH_EN\Code\STM32F746G-RadioYuN\Projects\STM32F746G-DISCO\RadioYuN\IAR\STM32F7-DISCO\Obj\stm32f7xx_hal_cryp.o
#        F:\PATH_EN\Code\STM32F746G-RadioYuN\Projects\STM32F746G-DISCO\RadioYuN\IAR\STM32F7-DISCO\Obj\stm32f7xx_hal_cryp_ex.o
#        F:\PATH_EN\Code\STM32F746G-RadioYuN\Projects\STM32F746G-DISCO\RadioYuN\IAR\STM32F7-DISCO\Obj\stm32f7xx_hal_dac.o
#        F:\PATH_EN\Code\STM32F746G-RadioYuN\Projects\STM32F746G-DISCO\RadioYuN\IAR\STM32F7-DISCO\Obj\stm32f7xx_hal_dac_ex.o
#        F:\PATH_EN\Code\STM32F746G-RadioYuN\Projects\STM32F746G-DISCO\RadioYuN\IAR\STM32F7-DISCO\Obj\stm32f7xx_hal_dcmi.o
#        F:\PATH_EN\Code\STM32F746G-RadioYuN\Projects\STM32F746G-DISCO\RadioYuN\IAR\STM32F7-DISCO\Obj\stm32f7xx_hal_dma.o
#        F:\PATH_EN\Code\STM32F746G-RadioYuN\Projects\STM32F746G-DISCO\RadioYuN\IAR\STM32F7-DISCO\Obj\stm32f7xx_hal_dma2d.o
#        F:\PATH_EN\Code\STM32F746G-RadioYuN\Projects\STM32F746G-DISCO\RadioYuN\IAR\STM32F7-DISCO\Obj\stm32f7xx_hal_dma_ex.o
#        F:\PATH_EN\Code\STM32F746G-RadioYuN\Projects\STM32F746G-DISCO\RadioYuN\IAR\STM32F7-DISCO\Obj\stm32f7xx_hal_eth.o
#        F:\PATH_EN\Code\STM32F746G-RadioYuN\Projects\STM32F746G-DISCO\RadioYuN\IAR\STM32F7-DISCO\Obj\stm32f7xx_hal_flash.o
#        F:\PATH_EN\Code\STM32F746G-RadioYuN\Projects\STM32F746G-DISCO\RadioYuN\IAR\STM32F7-DISCO\Obj\stm32f7xx_hal_flash_ex.o
#        F:\PATH_EN\Code\STM32F746G-RadioYuN\Projects\STM32F746G-DISCO\RadioYuN\IAR\STM32F7-DISCO\Obj\stm32f7xx_hal_gpio.o
#        F:\PATH_EN\Code\STM32F746G-RadioYuN\Projects\STM32F746G-DISCO\RadioYuN\IAR\STM32F7-DISCO\Obj\stm32f7xx_hal_hash.o
#        F:\PATH_EN\Code\STM32F746G-RadioYuN\Projects\STM32F746G-DISCO\RadioYuN\IAR\STM32F7-DISCO\Obj\stm32f7xx_hal_hash_ex.o
#        F:\PATH_EN\Code\STM32F746G-RadioYuN\Projects\STM32F746G-DISCO\RadioYuN\IAR\STM32F7-DISCO\Obj\stm32f7xx_hal_hcd.o
#        F:\PATH_EN\Code\STM32F746G-RadioYuN\Projects\STM32F746G-DISCO\RadioYuN\IAR\STM32F7-DISCO\Obj\stm32f7xx_hal_i2c.o
#        F:\PATH_EN\Code\STM32F746G-RadioYuN\Projects\STM32F746G-DISCO\RadioYuN\IAR\STM32F7-DISCO\Obj\stm32f7xx_hal_i2c_ex.o
#        F:\PATH_EN\Code\STM32F746G-RadioYuN\Projects\STM32F746G-DISCO\RadioYuN\IAR\STM32F7-DISCO\Obj\stm32f7xx_hal_i2s.o
#        F:\PATH_EN\Code\STM32F746G-RadioYuN\Projects\STM32F746G-DISCO\RadioYuN\IAR\STM32F7-DISCO\Obj\stm32f7xx_hal_irda.o
#        F:\PATH_EN\Code\STM32F746G-RadioYuN\Projects\STM32F746G-DISCO\RadioYuN\IAR\STM32F7-DISCO\Obj\stm32f7xx_hal_iwdg.o
#        F:\PATH_EN\Code\STM32F746G-RadioYuN\Projects\STM32F746G-DISCO\RadioYuN\IAR\STM32F7-DISCO\Obj\stm32f7xx_hal_lptim.o
#        F:\PATH_EN\Code\STM32F746G-RadioYuN\Projects\STM32F746G-DISCO\RadioYuN\IAR\STM32F7-DISCO\Obj\stm32f7xx_hal_ltdc.o
#        F:\PATH_EN\Code\STM32F746G-RadioYuN\Projects\STM32F746G-DISCO\RadioYuN\IAR\STM32F7-DISCO\Obj\stm32f7xx_hal_msp_template.o
#        F:\PATH_EN\Code\STM32F746G-RadioYuN\Projects\STM32F746G-DISCO\RadioYuN\IAR\STM32F7-DISCO\Obj\stm32f7xx_hal_nor.o
#        F:\PATH_EN\Code\STM32F746G-RadioYuN\Projects\STM32F746G-DISCO\RadioYuN\IAR\STM32F7-DISCO\Obj\stm32f7xx_hal_pcd.o
#        F:\PATH_EN\Code\STM32F746G-RadioYuN\Projects\STM32F746G-DISCO\RadioYuN\IAR\STM32F7-DISCO\Obj\stm32f7xx_hal_pcd_ex.o
#        F:\PATH_EN\Code\STM32F746G-RadioYuN\Projects\STM32F746G-DISCO\RadioYuN\IAR\STM32F7-DISCO\Obj\stm32f7xx_hal_pwr.o
#        F:\PATH_EN\Code\STM32F746G-RadioYuN\Projects\STM32F746G-DISCO\RadioYuN\IAR\STM32F7-DISCO\Obj\stm32f7xx_hal_pwr_ex.o
#        F:\PATH_EN\Code\STM32F746G-RadioYuN\Projects\STM32F746G-DISCO\RadioYuN\IAR\STM32F7-DISCO\Obj\stm32f7xx_hal_qspi.o
#        F:\PATH_EN\Code\STM32F746G-RadioYuN\Projects\STM32F746G-DISCO\RadioYuN\IAR\STM32F7-DISCO\Obj\stm32f7xx_hal_rcc.o
#        F:\PATH_EN\Code\STM32F746G-RadioYuN\Projects\STM32F746G-DISCO\RadioYuN\IAR\STM32F7-DISCO\Obj\stm32f7xx_hal_rcc_ex.o
#        F:\PATH_EN\Code\STM32F746G-RadioYuN\Projects\STM32F746G-DISCO\RadioYuN\IAR\STM32F7-DISCO\Obj\stm32f7xx_hal_rng.o
#        F:\PATH_EN\Code\STM32F746G-RadioYuN\Projects\STM32F746G-DISCO\RadioYuN\IAR\STM32F7-DISCO\Obj\stm32f7xx_hal_rtc.o
#        F:\PATH_EN\Code\STM32F746G-RadioYuN\Projects\STM32F746G-DISCO\RadioYuN\IAR\STM32F7-DISCO\Obj\stm32f7xx_hal_rtc_ex.o
#        F:\PATH_EN\Code\STM32F746G-RadioYuN\Projects\STM32F746G-DISCO\RadioYuN\IAR\STM32F7-DISCO\Obj\stm32f7xx_hal_sai.o
#        F:\PATH_EN\Code\STM32F746G-RadioYuN\Projects\STM32F746G-DISCO\RadioYuN\IAR\STM32F7-DISCO\Obj\stm32f7xx_hal_sai_ex.o
#        F:\PATH_EN\Code\STM32F746G-RadioYuN\Projects\STM32F746G-DISCO\RadioYuN\IAR\STM32F7-DISCO\Obj\stm32f7xx_hal_sd.o
#        F:\PATH_EN\Code\STM32F746G-RadioYuN\Projects\STM32F746G-DISCO\RadioYuN\IAR\STM32F7-DISCO\Obj\stm32f7xx_hal_sdram.o
#        F:\PATH_EN\Code\STM32F746G-RadioYuN\Projects\STM32F746G-DISCO\RadioYuN\IAR\STM32F7-DISCO\Obj\stm32f7xx_hal_smartcard.o
#        F:\PATH_EN\Code\STM32F746G-RadioYuN\Projects\STM32F746G-DISCO\RadioYuN\IAR\STM32F7-DISCO\Obj\stm32f7xx_hal_smartcard_ex.o
#        F:\PATH_EN\Code\STM32F746G-RadioYuN\Projects\STM32F746G-DISCO\RadioYuN\IAR\STM32F7-DISCO\Obj\stm32f7xx_hal_spdifrx.o
#        F:\PATH_EN\Code\STM32F746G-RadioYuN\Projects\STM32F746G-DISCO\RadioYuN\IAR\STM32F7-DISCO\Obj\stm32f7xx_hal_spi.o
#        F:\PATH_EN\Code\STM32F746G-RadioYuN\Projects\STM32F746G-DISCO\RadioYuN\IAR\STM32F7-DISCO\Obj\stm32f7xx_hal_sram.o
#        F:\PATH_EN\Code\STM32F746G-RadioYuN\Projects\STM32F746G-DISCO\RadioYuN\IAR\STM32F7-DISCO\Obj\stm32f7xx_hal_tim.o
#        F:\PATH_EN\Code\STM32F746G-RadioYuN\Projects\STM32F746G-DISCO\RadioYuN\IAR\STM32F7-DISCO\Obj\stm32f7xx_hal_tim_ex.o
#        F:\PATH_EN\Code\STM32F746G-RadioYuN\Projects\STM32F746G-DISCO\RadioYuN\IAR\STM32F7-DISCO\Obj\stm32f7xx_hal_uart.o
#        F:\PATH_EN\Code\STM32F746G-RadioYuN\Projects\STM32F746G-DISCO\RadioYuN\IAR\STM32F7-DISCO\Obj\stm32f7xx_hal_usart.o
#        F:\PATH_EN\Code\STM32F746G-RadioYuN\Projects\STM32F746G-DISCO\RadioYuN\IAR\STM32F7-DISCO\Obj\stm32f7xx_hal_wwdg.o
#        F:\PATH_EN\Code\STM32F746G-RadioYuN\Projects\STM32F746G-DISCO\RadioYuN\IAR\STM32F7-DISCO\Obj\stm32f7xx_it.o
#        F:\PATH_EN\Code\STM32F746G-RadioYuN\Projects\STM32F746G-DISCO\RadioYuN\IAR\STM32F7-DISCO\Obj\stm32f7xx_ll_fmc.o
#        F:\PATH_EN\Code\STM32F746G-RadioYuN\Projects\STM32F746G-DISCO\RadioYuN\IAR\STM32F7-DISCO\Obj\stm32f7xx_ll_sdmmc.o
#        F:\PATH_EN\Code\STM32F746G-RadioYuN\Projects\STM32F746G-DISCO\RadioYuN\IAR\STM32F7-DISCO\Obj\stm32f7xx_ll_usb.o
#        F:\PATH_EN\Code\STM32F746G-RadioYuN\Projects\STM32F746G-DISCO\RadioYuN\IAR\STM32F7-DISCO\Obj\sys.o
#        F:\PATH_EN\Code\STM32F746G-RadioYuN\Projects\STM32F746G-DISCO\RadioYuN\IAR\STM32F7-DISCO\Obj\sys_arch.o
#        F:\PATH_EN\Code\STM32F746G-RadioYuN\Projects\STM32F746G-DISCO\RadioYuN\IAR\STM32F7-DISCO\Obj\syscall.o
#        F:\PATH_EN\Code\STM32F746G-RadioYuN\Projects\STM32F746G-DISCO\RadioYuN\IAR\STM32F7-DISCO\Obj\system_stm32f7xx.o
#        F:\PATH_EN\Code\STM32F746G-RadioYuN\Projects\STM32F746G-DISCO\RadioYuN\IAR\STM32F7-DISCO\Obj\tasks.o
#        F:\PATH_EN\Code\STM32F746G-RadioYuN\Projects\STM32F746G-DISCO\RadioYuN\IAR\STM32F7-DISCO\Obj\tcp.o
#        F:\PATH_EN\Code\STM32F746G-RadioYuN\Projects\STM32F746G-DISCO\RadioYuN\IAR\STM32F7-DISCO\Obj\tcp_in.o
#        F:\PATH_EN\Code\STM32F746G-RadioYuN\Projects\STM32F746G-DISCO\RadioYuN\IAR\STM32F7-DISCO\Obj\tcp_out.o
#        F:\PATH_EN\Code\STM32F746G-RadioYuN\Projects\STM32F746G-DISCO\RadioYuN\IAR\STM32F7-DISCO\Obj\tcpip.o
#        F:\PATH_EN\Code\STM32F746G-RadioYuN\Projects\STM32F746G-DISCO\RadioYuN\IAR\STM32F7-DISCO\Obj\timers.o
#        F:\PATH_EN\Code\STM32F746G-RadioYuN\Projects\STM32F746G-DISCO\RadioYuN\IAR\STM32F7-DISCO\Obj\udp.o
#        F:\PATH_EN\Code\STM32F746G-RadioYuN\Projects\STM32F746G-DISCO\RadioYuN\IAR\STM32F7-DISCO\Obj\unicode.o
#        F:\PATH_EN\Code\STM32F746G-RadioYuN\Projects\STM32F746G-DISCO\RadioYuN\IAR\STM32F7-DISCO\Obj\usbh_conf.o
#        F:\PATH_EN\Code\STM32F746G-RadioYuN\Projects\STM32F746G-DISCO\RadioYuN\IAR\STM32F7-DISCO\Obj\usbh_core.o
#        F:\PATH_EN\Code\STM32F746G-RadioYuN\Projects\STM32F746G-DISCO\RadioYuN\IAR\STM32F7-DISCO\Obj\usbh_ctlreq.o
#        F:\PATH_EN\Code\STM32F746G-RadioYuN\Projects\STM32F746G-DISCO\RadioYuN\IAR\STM32F7-DISCO\Obj\usbh_diskio.o
#        F:\PATH_EN\Code\STM32F746G-RadioYuN\Projects\STM32F746G-DISCO\RadioYuN\IAR\STM32F7-DISCO\Obj\usbh_ioreq.o
#        F:\PATH_EN\Code\STM32F746G-RadioYuN\Projects\STM32F746G-DISCO\RadioYuN\IAR\STM32F7-DISCO\Obj\usbh_msc.o
#        F:\PATH_EN\Code\STM32F746G-RadioYuN\Projects\STM32F746G-DISCO\RadioYuN\IAR\STM32F7-DISCO\Obj\usbh_msc_bot.o
#        F:\PATH_EN\Code\STM32F746G-RadioYuN\Projects\STM32F746G-DISCO\RadioYuN\IAR\STM32F7-DISCO\Obj\usbh_msc_scsi.o
#        F:\PATH_EN\Code\STM32F746G-RadioYuN\Projects\STM32F746G-DISCO\RadioYuN\IAR\STM32F7-DISCO\Obj\usbh_pipes.o
#        F:\PATH_EN\Code\STM32F746G-RadioYuN\Projects\STM32F746G-DISCO\RadioYuN\IAR\STM32F7-DISCO\Obj\video_player_win.o
#        F:\PATH_EN\Code\STM32F746G-RadioYuN\Projects\STM32F746G-DISCO\RadioYuN\IAR\STM32F7-DISCO\Obj\vnc_app.o
#        F:\PATH_EN\Code\STM32F746G-RadioYuN\Projects\STM32F746G-DISCO\RadioYuN\IAR\STM32F7-DISCO\Obj\vnc_server_win.o
#        F:\PATH_EN\Code\STM32F746G-RadioYuN\Projects\STM32F746G-DISCO\RadioYuN\IAR\STM32F7-DISCO\Obj\wm8994.o
#        --redirect _Printf=_PrintfFull -o
#        F:\PATH_EN\Code\STM32F746G-RadioYuN\Projects\STM32F746G-DISCO\RadioYuN\IAR\STM32F7-DISCO\Exe\STM32F746G-RadioYuN.out
#        --map
#        F:\PATH_EN\Code\STM32F746G-RadioYuN\Projects\STM32F746G-DISCO\RadioYuN\IAR\STM32F7-DISCO\List\STM32F746G-RadioYuN.map
#        --config
#        F:\PATH_EN\Code\STM32F746G-RadioYuN\Projects\STM32F746G-DISCO\RadioYuN\IAR\stm32f746g.icf
#        --entry __iar_program_start --vfe
#
###############################################################################

*******************************************************************************
*** RUNTIME MODEL ATTRIBUTES
***

CppFlavor                     = *
__Heap_Handler                = DLMalloc
__SystemLibrary               = DLib
__dlib_dynamic_initialization = normal


*******************************************************************************
*** PLACEMENT SUMMARY
***

"A1":  place at 0x08000000 { ro section .intvec };
"P1":  place in [from 0x08000000 to 0x080fffff] { ro };
"P2":  place in [from 0x20010000 to 0x2004c000] { rw, block CSTACK, block HEAP };
"P3":  place in [from 0x90000000 to 0x9fffffff] { section ExtQSPIFlashSection };

  Section              Kind        Address      Size  Object
  -------              ----        -------      ----  ------
"A1":                                          0x1c8
  .intvec              ro code  0x08000000     0x1c8  startup_stm32f746xx.o [1]
                              - 0x080001c8     0x1c8

"P1":                                        0x93ac8
  .rodata              const    0x080001c8   0x1d73c  audio_player_win.o [1]
  .rodata              const    0x0801d904   0x1a820  ST_Fonts.o [3]
  .text                ro code  0x08038124    0x5f50  GUI_JPEG.o [4]
  .text                ro code  0x0803e074     0x106  GUI__memset.o [4]
  .text                ro code  0x0803e17a       0xa  WIDGET_Effect_None.o [4]
  .text                ro code  0x0803e184     0xa60  GUI_Alloc.o [4]
  .text                ro code  0x0803ebe4      0x32  GUI_ALLOC_AllocZero.o [4]
  .text                ro code  0x0803ec16       0xa  xsprout.o [5]
  .text                ro code  0x0803ec20      0x48  GUI_SetPixelIndex.o [4]
  .text                ro code  0x0803ec68      0x76  ABImemcpy_unaligned.o [9]
  .text                ro code  0x0803ecde       0x2  GUICC_888_Index2Color.o [4]
  .text                ro code  0x0803ece0      0x18  LCD_GetColorIndex.o [4]
  .text                ro code  0x0803ecf8    0x1de0  WM.o [4]
  .text                ro code  0x08040ad8     0x28c  LCD_GetEx.o [4]
  .text                ro code  0x08040d64     0x7b4  LCD.o [4]
  .text                ro code  0x08041518     0x1b4  GUI_Task.o [4]
  .text                ro code  0x080416cc       0x6  ABImemclr.o [9]
  .text                ro code  0x080416d2       0x2  GUICC_8888_Index2Color.o [4]
  .text                ro code  0x080416d4     0x210  GUI_Core.o [4]
  .text                ro code  0x080418e4      0x78  ABImemmove_unaligned.o [9]
  .text                ro code  0x0804195c      0x34  LCD_SetClipRectEx.o [4]
  .text                ro code  0x08041990      0x1c  GUI_MoveRect.o [4]
  .text                ro code  0x080419ac      0x40  GUI__IntersectRect.o [4]
  .text                ro code  0x080419ec      0x60  GUI__IntersectRects.o [4]
  .text                ro code  0x08041a4c      0x5e  GUI_MergeRect.o [4]
  .text                ro code  0x08041aac      0x14  GUI_WaitEvent.o [4]
  .text                ro code  0x08041ac0      0x1a  WM_GetFirstChild.o [4]
  .text                ro code  0x08041adc     0x344  GUIDEV.o [4]
  .text                ro code  0x08041e20      0x38  GUI_RectsIntersect.o [4]
  .text                ro code  0x08041e58      0x40  WM__SendMessage.o [4]
  .text                ro code  0x08041e98      0x90  WM_BringToBottom.o [4]
  .text                ro code  0x08041f28     0x1b0  WM_Timer.o [4]
  .text                ro code  0x080420d8      0x14  WM_NotifyParent.o [4]
  .text                ro code  0x080420ec      0xc8  GUI_SelectLayer.o [4]
  .text                ro code  0x080421b4      0x1e  WM_SendMessageNoPara.o [4]
  .text                ro code  0x080421d4      0x44  GUI_SetDefault.o [4]
  .text                ro code  0x08042218     0x124  GUIDEV_Banding.o [4]
  .text                ro code  0x0804233c      0x8c  GUI_OnKey.o [4]
  .text                ro code  0x080423c8      0xd4  GUI__ManageCache.o [4]
  .text                ro code  0x0804249c      0x1c  GUI_SaveContext.o [4]
  .text                ro code  0x080424b8      0x2c  GUI_SetColor.o [4]
  .text                ro code  0x080424e4      0xa0  WM_GetClientRect.o [4]
  .text                ro code  0x08042584      0x2c  WM_SendToParent.o [4]
  .text                ro code  0x080425b0     0x2cc  GUI_Device.o [4]
  .text                ro code  0x0804287c      0x50  WM_CriticalHandle.o [4]
  .text                ro code  0x080428cc     0x1a8  LCD_Color.o [4]
  .text                ro code  0x08042a74      0x58  GUI_X_OS.o [1]
  .text                ro code  0x08042acc      0x66  ABImemset.o [9]
  .text                ro code  0x08042b34      0x24  GUI_Goto.o [4]
  .text                ro code  0x08042b58      0x10  GUIConf.o [1]
  .text                ro code  0x08042b68     0x6f8  LCDConf.o [1]
  .text                ro code  0x08043260      0x18  WM_GetDesktopWindow.o [4]
  .text                ro code  0x08043278      0x44  GUI_SetOrg.o [4]
  .text                ro code  0x080432bc     0x204  GUIDEV_UsageBM.o [4]
  .text                ro code  0x080434c0      0x1e  GUI_SelectLCD.o [4]
  .text                ro code  0x080434e0      0x60  GUIDEV_Usage.o [4]
  .text                ro code  0x08043540      0x24  LCD_UpdateColorIndices.o [4]
  .text                ro code  0x08043564      0x18  GUI_SetDrawMode.o [4]
  .text                ro code  0x0804357c     0x76c  GUIDEV_WriteToActiveOpaque.o [4]
  .text                ro code  0x08043ce8      0x2a  WM__GetPrevSibling.o [4]
  .text                ro code  0x08043d12      0x1a  WM_GetParent.o [4]
  .text                ro code  0x08043d2c     0x358  GUI_Timer.o [4]
  .text                ro code  0x08044084      0x68  GUI_Time.o [4]
  .text                ro code  0x080440ec     0x188  LCD_Set.o [4]
  .text                ro code  0x08044274      0x3c  WM__SendMessageNoPara.o [4]
  .text                ro code  0x080442b0      0x34  GUI_Pen.o [4]
  .text                ro code  0x080442e4      0x24  GUI_SetTextAlign.o [4]
  .text                ro code  0x08044308      0x24  GUI_SetTextMode.o [4]
  .text                ro code  0x0804432c      0x24  GUI_SetFont.o [4]
  .text                ro code  0x08044350      0x20  GUI_SetLineStyle.o [4]
  .text                ro code  0x08044370      0x30  GUI_GetOrg.o [4]
  .text                ro code  0x080443a0      0x38  GUIDEV_GetYSize.o [4]
  .text                ro code  0x080443d8      0x3c  GUIDEV_ReduceYSize.o [4]
  .text                ro code  0x08044414      0x74  GUIDEV_SetOrg.o [4]
  .text                ro code  0x08044488      0x48  GUIDEV_Clear.o [4]
  .text                ro code  0x080444d0      0x40  WM_OnKey.o [4]
  .text                ro code  0x08044510      0x1c  LCD_GetNumDisplays.o [4]
  .text                ro code  0x0804452c     0x9c0  tasks.o [1]
  .text                ro code  0x08044eec     0x3ac  cmsis_os.o [1]
  .text                ro code  0x08045298     0x634  stm32f7xx_hal_rcc_ex.o [1]
  .text                ro code  0x080458cc     0x33a  stm32f7xx_hal_gpio.o [1]
  .text                ro code  0x08045c08     0x120  stm32f7xx_hal_cortex.o [1]
  .text                ro code  0x08045d28     0x110  GUI_MULTIBUF.o [4]
  .text                ro code  0x08045e38     0x500  stm32f7xx_hal_ltdc.o [1]
  .text                ro code  0x08046338      0x18  GUI_GetDrawMode.o [4]
  .text                ro code  0x08046350      0x44  LCD_SelectLCD.o [4]
  .text                ro code  0x08046394      0x2e  GUIDEV_GetDataPtr.o [4]
  .text                ro code  0x080463c4     0x28c  GUI__CompactPixelIndices.o [4]
  .text                ro code  0x08046650      0x14  WM__GetFirstSibling.o [4]
  .text                ro code  0x08046664      0x44  GUI_Exec.o [4]
  .text                ro code  0x080466a8     0x1d8  port.o [1]
  .text                ro code  0x08046880      0x8e  list.o [1]
  .text                ro code  0x08046910     0x358  timers.o [1]
  .text                ro code  0x08046c68      0x88  cpu_utils.o [1]
  .text                ro code  0x08046cf0     0x1b4  heap_4.o [1]
  .text                ro code  0x08046ea4      0x3a  ABImemset48.o [9]
  .text                ro code  0x08046ee0     0x724  queue.o [1]
  .text                ro code  0x08047604      0x5c  stm32f7xx_hal.o [1]
  CODE                 ro code  0x08047660      0xac  portasm.o [1]
  .text                ro code  0x0804770c       0x2  stm32f7xx_hal_msp_template.o [1]
  .text                ro code  0x08047710     0x528  stm32f7xx_hal_rcc.o [1]
  .rodata              const    0x08047c38    0x46a8  video_player_win.o [1]
  .text                ro code  0x0804c2e0    0x2288  audio_player_win.o [1]
  .text                ro code  0x0804e568     0x134  DIALOG.o [4]
  .text                ro code  0x0804e69c     0x480  WIDGET.o [4]
  .text                ro code  0x0804eb1c     0x104  GUI_DrawBitmap.o [4]
  .text                ro code  0x0804ec20     0x354  BUTTON.o [4]
  .text                ro code  0x0804ef74      0x38  FRAMEWIN_Default.o [4]
  .text                ro code  0x0804efac      0x28  GUI_DispStringAt.o [4]
  .text                ro code  0x0804efd4     0x310  GUIAA_Circle.o [4]
  .text                ro code  0x0804f2e4     0x554  audio_player_app.o [1]
  .text                ro code  0x0804f838      0x34  sprintf.o [5]
  .text                ro code  0x0804f86c      0x5a  TEXT_SetText.o [4]
  .text                ro code  0x0804f8c8     0x346  SLIDER.o [4]
  .text                ro code  0x0804fc0e      0x68  WM_Paint.o [4]
  .text                ro code  0x0804fc76      0x64  WM_GetDialogItem.o [4]
  .text                ro code  0x0804fcdc    0x1e44  ff.o [1]
  .text                ro code  0x08051b20      0x2c  strstr.o [5]
  .text                ro code  0x08051b4c      0x44  strcpy_unaligned.o [9]
  .text                ro code  0x08051b90      0x1c  strcat.o [5]
  .text                ro code  0x08051bac      0x6c  strncpy_unaligned.o [9]
  .text                ro code  0x08051c18    0x1688  LISTVIEW.o [4]
  .text                ro code  0x080532a0     0x1b2  LISTVIEW_SetItemColor.o [4]
  .text                ro code  0x08053452      0x24  LISTVIEW_SetSel.o [4]
  .text                ro code  0x08053478     0x340  k_storage.o [1]
  .text                ro code  0x080537b8      0x34  LISTVIEW_GetNumRows.o [4]
  .text                ro code  0x080537ec     0x13c  LISTVIEW_DeleteRow.o [4]
  .text                ro code  0x08053928      0xa2  LISTVIEW_SetItemText.o [4]
  .text                ro code  0x080539cc      0x38  GUI_DispStringHCenter.o [4]
  .text                ro code  0x08053a04      0x90  WM_EnableWindow.o [4]
  .text                ro code  0x08053a94     0x1f8  TEXT.o [4]
  .text                ro code  0x08053c8c      0x34  TEXT_SetTextColor.o [4]
  .text                ro code  0x08053cc0      0x34  TEXT_SetFont.o [4]
  .text                ro code  0x08053cf4      0x78  k_rtc.o [1]
  .text                ro code  0x08053d6c      0x7a  SLIDER_Color.o [4]
  .text                ro code  0x08053de8     0x148  STSLIDER_SKIN.o [3]
  .text                ro code  0x08053f30      0x32  WM_SetCallback.o [4]
  .text                ro code  0x08053f64      0x8c  GUI_2DLib.o [4]
  .text                ro code  0x08053ff0      0x58  GUI_FillRect.o [4]
  .text                ro code  0x08054048      0x34  WM_GetId.o [4]
  .text                ro code  0x0805407c      0x40  LISTVIEW_SetGridVis.o [4]
  .text                ro code  0x080540bc      0x90  LISTVIEW_SetAutoScroll.o [4]
  .text                ro code  0x0805414c      0x3c  LISTVIEW_SetBkColor.o [4]
  .text                ro code  0x08054188      0x3c  LISTVIEW_SetTextColor.o [4]
  .text                ro code  0x080541c4      0x3a  LISTVIEW_SetFont.o [4]
  .text                ro code  0x080541fe      0x48  LISTVIEW_SetRowHeight.o [4]
  .text                ro code  0x08054246      0x1a  WIDGET_SetEffect.o [4]
  .text                ro code  0x08054260      0x18  WM_GetClientWindow.o [4]
  .text                ro code  0x08054278     0x104  GUI_PID.o [4]
  .text                ro code  0x0805437c      0x2a  LISTVIEW_GetSel.o [4]
  .text                ro code  0x080543a8      0x7c  WM_MakeModal.o [4]
  .text                ro code  0x08054424    0x10e4  CHOOSEFILE.o [4]
  .text                ro code  0x08055508     0x334  stm32746g_discovery_qspi.o [1]
  .text                ro code  0x0805583c      0x3a  WM_Hide.o [4]
  .text                ro code  0x08055878    0x1034  ST_AnimatedIconView.o [3]
  .text                ro code  0x080568ac      0x8e  WM_Show.o [4]
  .text                ro code  0x0805693c      0x74  k_module.o [1]
  .text                ro code  0x080569b0      0x18  strrchr.o [5]
  .text                ro code  0x080569c8      0x20  WM_GetFocussedWindow.o [4]
  .text                ro code  0x080569e8      0x90  WM_SetFocusOnNextChild.o [4]
  .text                ro code  0x08056a78      0x8c  WM_GetWindowSize.o [4]
  .text                ro code  0x08056b04      0xea  WM__UpdateChildPositions.o [4]
  .text                ro code  0x08056bf0      0xbc  WM_SetFocus.o [4]
  .text                ro code  0x08056cac      0x80  WM_BringToTop.o [4]
  .text                ro code  0x08056d2c      0x1a  GUI__ReduceRect.o [4]
  .text                ro code  0x08056d46      0x1a  WM_SetScrollState.o [4]
  .text                ro code  0x08056d60      0x5c  GUI_DrawHLine.o [4]
  .text                ro code  0x08056dbc      0x58  GUI_DrawVLine.o [4]
  .text                ro code  0x08056e14      0x14  GUI_FillRectEx.o [4]
  .text                ro code  0x08056e28      0x14  WM__Screen2Client.o [4]
  .text                ro code  0x08056e3c      0x70  GUI__SetText.o [4]
  .text                ro code  0x08056eac     0x108  GUI_DispString.o [4]
  .text                ro code  0x08056fb4      0x1a  GUI__sqrt32.o [4]
  .text                ro code  0x08056fd0      0x2c  WM__GetOrg_AA.o [4]
  .text                ro code  0x08056ffc     0x388  GUIAA_Lib.o [4]
  .text                ro code  0x08057384     0x712  stm32746g_discovery_audio.o [1]
  .text                ro code  0x08057a98     0x724  flt.o [6]
  .text                ro code  0x080581bc     0x780  filter.o [7]
  .text                ro code  0x0805893c      0x34  audio_if.o [1]
  .text                ro code  0x08058970    0x1152  xprintffull.o [5]
  .text                ro code  0x08059ac2      0x20  WM_IsFocussable.o [4]
  .text                ro code  0x08059ae4      0x7c  WM_SetCapture.o [4]
  .text                ro code  0x08059b60      0x4c  syscall.o [1]
  .text                ro code  0x08059bac      0x78  diskio.o [1]
  .text                ro code  0x08059c24     0x514  unicode.o [1]
  .text                ro code  0x0805a138      0x16  strchr.o [9]
  .text                ro code  0x0805a14e      0x1c  LISTVIEW_DisableRow.o [4]
  .text                ro code  0x0805a16a      0x34  LISTVIEW_GetNumColumns.o [4]
  .text                ro code  0x0805a19e      0x80  WM_CheckScrollPos.o [4]
  .text                ro code  0x0805a220     0x98c  HEADER.o [4]
  .text                ro code  0x0805abac      0xa8  WM_GetInsideRectExScrollbar.o [4]
  .text                ro code  0x0805ac54      0x14  GUI_GetYSizeOfFont.o [4]
  .text                ro code  0x0805ac68      0x2a  LISTVIEW_GetWrapMode.o [4]
  .text                ro code  0x0805ac92      0x62  LISTVIEW_SetLBorder.o [4]
  .text                ro code  0x0805acf4      0x2a  LISTVIEW_SetRBorder.o [4]
  .text                ro code  0x0805ad20      0x20  WM_HasFocus.o [4]
  .text                ro code  0x0805ad40     0x274  GUI_ARRAY.o [4]
  .text                ro code  0x0805afb4      0xa0  WM_SetScrollbar.o [4]
  .text                ro code  0x0805b054     0x168  GUI_DispStringInRectWrap.o [4]
  .text                ro code  0x0805b1bc      0x14  GUI_ClearRectEx.o [4]
  .text                ro code  0x0805b1d0      0x96  WM_GetScrollbar.o [4]
  .text                ro code  0x0805b266      0x14  WM_GetScrollState.o [4]
  .text                ro code  0x0805b27a      0x28  HEADER_GetSel.o [4]
  .text                ro code  0x0805b2a4      0x16  GUI__strlen.o [4]
  .text                ro code  0x0805b2ba      0x64  GUI_ARRAY_DeleteItem.o [4]
  .text                ro code  0x0805b320      0x44  ff_gen_drv.o [1]
  .text                ro code  0x0805b364     0x46c  usbh_core.o [1]
  .text                ro code  0x0805b7d0       0x6  ABImemclr4.o [9]
  .text                ro code  0x0805b7d8      0x36  strlen.o [9]
  .text                ro code  0x0805b80e      0x28  LISTVIEW_GetHeader.o [4]
  .text                ro code  0x0805b836      0x6a  GUI_ARRAY_ResizeItem.o [4]
  .text                ro code  0x0805b8a0      0xb2  WM_SetTrans.o [4]
  .text                ro code  0x0805b954      0xd4  stm32f7xx_hal_rtc.o [1]
  .text                ro code  0x0805ba28      0x14  stm32f7xx_hal_rtc_ex.o [1]
  .text                ro code  0x0805ba3c      0x14  GUI_DrawRectEx.o [4]
  .text                ro code  0x0805ba50     0x4fc  WM_Touch.o [4]
  .text                ro code  0x0805bf4c      0x20  LISTVIEW_DeleteAllRows.o [4]
  .text                ro code  0x0805bf6c      0x42  strcmp_unaligned.o [9]
  .text                ro code  0x0805bfae      0x86  LISTVIEW_UserData.o [4]
  .text                ro code  0x0805c034     0xb28  FRAMEWIN.o [4]
  .text                ro code  0x0805cb5c     0x554  LISTVIEW_SetSort.o [4]
  .text                ro code  0x0805d0b0      0x86  LISTVIEW_GetItemText.o [4]
  .text                ro code  0x0805d138     0x76c  DROPDOWN.o [4]
  .text                ro code  0x0805d8a4      0x48  DROPDOWN_DeleteItem.o [4]
  .text                ro code  0x0805d8ec      0x8a  DROPDOWN_InsertString.o [4]
  .text                ro code  0x0805d976      0x7e  BUTTON_Get.o [4]
  .text                ro code  0x0805d9f4      0x14  GUI_GetStringDistX.o [4]
  .text                ro code  0x0805da08      0x42  BUTTON_GetBitmap.o [4]
  .text                ro code  0x0805da4a      0x54  WM_SetSize.o [4]
  .text                ro code  0x0805daa0      0x42  WM_GetOrg.o [4]
  .text                ro code  0x0805dae4     0x188  WM_Move.o [4]
  .text                ro code  0x0805dc6c      0x1e  WM_SetWindowPos.o [4]
  .text                ro code  0x0805dc8c      0x30  SCROLLBAR_Defaults.o [4]
  .text                ro code  0x0805dcbc      0x32  LISTVIEW_SetColumnWidth.o [4]
  .text                ro code  0x0805dcf0      0xa0  WM_ToolTip.o [4]
  .text                ro code  0x0805dd90      0x28  WM_GetCallback.o [4]
  .text                ro code  0x0805ddb8      0x20  DROPDOWN_Default.o [4]
  .text                ro code  0x0805ddd8      0x36  BUTTON_Color.o [4]
  .text                ro code  0x0805de0e      0x22  BUTTON_Bitmap.o [4]
  .text                ro code  0x0805de30      0x40  DROPDOWN_AddString.o [4]
  .text                ro code  0x0805de70     0x68e  stm32f7xx_hal_qspi.o [1]
  .text                ro code  0x0805e4fe      0x1c  BUTTON_Create.o [4]
  .text                ro code  0x0805e51a      0x16  WM__IsEnabled.o [4]
  .text                ro code  0x0805e530      0x30  GUI_GetColor.o [4]
  .text                ro code  0x0805e560      0x18  GUI_GetFont.o [4]
  .text                ro code  0x0805e578      0x28  WM__GetFocussedChild.o [4]
  .text                ro code  0x0805e5a0      0xfc  WM_ResizeWindow.o [4]
  .text                ro code  0x0805e69c      0x18  WM_IsWindow.o [4]
  .text                ro code  0x0805e6b4      0x1e  WM_ForEachDesc.o [4]
  .text                ro code  0x0805e6d4      0x70  GUI__strcmp.o [4]
  .text                ro code  0x0805e744      0xf4  GUI_Char.o [4]
  .text                ro code  0x0805e838     0x1dc  GUI_CharLine.o [4]
  .text                ro code  0x0805ea14      0x50  GUI_UC.o [4]
  .text                ro code  0x0805ea64      0xf0  LCD_AA.o [4]
  .text                ro code  0x0805eb54     0x42e  stm32f7xx_hal_sai.o [1]
  .text                ro code  0x0805ef84     0x254  main.o [1]
  .text                ro code  0x0805f1d8     0x514  audio_recorder_app.o [1]
  .text                ro code  0x0805f6ec     0xfa8  stm32f7xx_hal_dma.o [1]
  .text                ro code  0x08060694      0x20  xmbtowc.o [5]
  .text                ro code  0x080606b4      0x58  memchr.o [9]
  .text                ro code  0x0806070c       0xa  xmbcurmax.o [5]
  .text                ro code  0x08060718    0x14f0  dlmalloc.o [5]
  .text                ro code  0x08061c08      0x1a  xwctomb.o [5]
  .text                ro code  0x08061c24      0xee  I64DivMod.o [9]
  .text                ro code  0x08061d12      0x42  xdnorm.o [8]
  .text                ro code  0x08061d54      0x2e  DblCmpLe.o [8]
  .text                ro code  0x08061d84      0x2e  DblCmpGe.o [8]
  .text                ro code  0x08061db4     0x114  xdscale.o [8]
  .text                ro code  0x08061ec8      0x58  DblToI32.o [8]
  .text                ro code  0x08061f20      0x30  I32ToDbl.o [8]
  .text                ro code  0x08061f50     0x180  DblSub.o [8]
  .text                ro code  0x080620d0     0x1a2  DblMul.o [8]
  .text                ro code  0x08062274     0x256  DblDiv.o [8]
  .text                ro code  0x080624cc      0x6c  localeconv.o [5]
  .text                ro code  0x08062538       0xe  div.o [5]
  .text                ro code  0x08062548     0x17c  GUI_Curs1.o [4]
  .text                ro code  0x080626c4      0x34  WM_GetInsideRect.o [4]
  .text                ro code  0x080626f8      0x30  WM_GetWindowRect.o [4]
  .text                ro code  0x08062728      0x20  WM_GetFlags.o [4]
  .text                ro code  0x08062748      0x46  GUI_ALLOC_AllocInit.o [4]
  .text                ro code  0x0806278e      0x5e  GUI_Realloc.o [4]
  .text                ro code  0x080627ec      0x36  SCROLLBAR_Create.o [4]
  .text                ro code  0x08062824     0x14c  GUI__Wrap.o [4]
  .text                ro code  0x08062970      0x24  WM_SetUserClipRect.o [4]
  .text                ro code  0x08062994     0x25c  usbh_conf.o [1]
  .text                ro code  0x08062bf0      0x70  usbh_pipes.o [1]
  .text                ro code  0x08062c60     0x41c  usbh_ctlreq.o [1]
  .text                ro code  0x0806307c      0x3c  WM_ValidateWindow.o [4]
  .text                ro code  0x080630b8      0x5c  WM__IsAncestor.o [4]
  .text                ro code  0x08063114      0x20  WM__SendMessageIfEnabled.o [4]
  .text                ro code  0x08063134      0xb8  WM_Screen2Win.o [4]
  .text                ro code  0x080631ec      0x18  WM_PID__GetPrevState.o [4]
  .text                ro code  0x08063204      0x64  WM_SetFocusOnPrevChild.o [4]
  .text                ro code  0x08063268      0x1a  WM_GetNextSibling.o [4]
  .text                ro code  0x08063282      0x64  WM_MoveChildTo.o [4]
  .text                ro code  0x080632e8      0x98  WM_SetCaptureMove.o [4]
  .text                ro code  0x08063380      0x28  WM_MemDev.o [4]
  .text                ro code  0x080633a8      0x80  WM_UserData.o [4]
  .text                ro code  0x08063428    0x13c4  LISTBOX.o [4]
  .text                ro code  0x080647ec      0x26  LISTBOX_Create.o [4]
  .text                ro code  0x08064812      0x40  LISTBOX_SetScrollbarWidth.o [4]
  .text                ro code  0x08064852      0x58  LISTBOX_SetAutoScroll.o [4]
  .text                ro code  0x080648aa      0xba  LISTBOX_AddStringH.o [4]
  .text                ro code  0x08064964      0x36  LISTBOX_SetBkColor.o [4]
  .text                ro code  0x0806499a      0x3e  LISTBOX_SetTextColor.o [4]
  .text                ro code  0x080649d8      0x44  LISTBOX_SetScrollbarColor.o [4]
  .text                ro code  0x08064a1c      0x68  LISTBOX_ItemDisabled.o [4]
  .text                ro code  0x08064a84      0x32  LISTBOX_ItemSpacing.o [4]
  .text                ro code  0x08064ab6      0x38  LISTBOX_Font.o [4]
  .text                ro code  0x08064aee      0x2e  LISTBOX_SetTextAlign.o [4]
  .text                ro code  0x08064b1c      0x2e  LISTBOX_SetOwner.o [4]
  .text                ro code  0x08064b4a      0x2c  DROPDOWN_GetNumItems.o [4]
  .text                ro code  0x08064b76      0x98  LISTBOX_DeleteItem.o [4]
  .text                ro code  0x08064c0e      0xc0  GUI_ARRAY_InsertItem.o [4]
  .text                ro code  0x08064cce      0x9a  LISTBOX_InsertString.o [4]
  .text                ro code  0x08064d68      0x1c  GUI__GetNumChars.o [4]
  .text                ro code  0x08064d84      0xb8  GUI_DRAW_BITMAP.o [4]
  .text                ro code  0x08064e3c      0x42  BUTTON__SetBitmapObj.o [4]
  .text                ro code  0x08064e7e      0x26  WM__IsChild.o [4]
  .text                ro code  0x08064ea4      0x2c  WM__ForEachDesc.o [4]
  .text                ro code  0x08064ed0      0x12  LCD_GetPixelColor.o [4]
  .text                ro code  0x08064ee4      0x58  stm32f7xx_hal_sai_ex.o [1]
  .text                ro code  0x08064f3c      0x74  stm32f7xx_hal_pwr_ex.o [1]
  .text                ro code  0x08064fb0      0xf0  k_bsp.o [1]
  .text                ro code  0x080650a0      0x1c  WM_MULTIBUF.o [4]
  .text                ro code  0x080650bc     0x460  k_menu.o [1]
  .text                ro code  0x0806551c      0xc4  k_startup.o [1]
  .text                ro code  0x080655e0     0xb10  audio_recorder_win.o [1]
  .text                ro code  0x080660f0      0x14  setlocale.o [5]
  .text                ro code  0x08066104      0x60  xencoding_sb.o [5]
  .text                ro code  0x08066164       0x6  abort.o [5]
  .text                ro code  0x0806616c      0x2c  xgetmemchunk.o [5]
  .text                ro code  0x08066198       0x2  I64DivZer.o [9]
  .text                ro code  0x0806619c      0xd4  DblAdd.o [8]
  .text                ro code  0x08066270       0x2  xtls.o [5]
  .text                ro code  0x08066274    0x1f8c  GUI_SPRITE.o [4]
  .text                ro code  0x08068200     0x696  SCROLLBAR.o [4]
  .text                ro code  0x08068898     0x702  stm32f7xx_hal_hcd.o [1]
  .text                ro code  0x08068f9a      0x8c  usbh_ioreq.o [1]
  .text                ro code  0x08069028      0x14  WM_GetDesktopWindowEx.o [4]
  .text                ro code  0x0806903c      0x1a  WM__GetLastSibling.o [4]
  .text                ro code  0x08069058      0x20  WM_HasCaptured.o [4]
  .text                ro code  0x08069078      0x26  SCROLLBAR_SetWidth.o [4]
  .text                ro code  0x0806909e      0x40  SCROLLBAR_SetColor.o [4]
  .text                ro code  0x080690e0     0x1a4  GUI_DispStringInRect.o [4]
  .text                ro code  0x08069284      0xb8  GUI_DrawFocusRect.o [4]
  .text                ro code  0x0806933c      0x60  LCD_GetP.o [4]
  .text                ro code  0x0806939c     0x288  stm32746g_discovery_sdram.o [1]
  .text                ro code  0x08069624     0x1d0  stm32746g_discovery_ts.o [1]
  .text                ro code  0x080697f4      0x2c  GUI_TOUCH.o [4]
  .text                ro code  0x08069820     0x224  GUIAA_FillRoundedRect.o [4]
  .text                ro code  0x08069a44      0xd0  BUTTON_Skin.o [4]
  .text                ro code  0x08069b14      0xb0  DROPDOWN_Skin.o [4]
  .text                ro code  0x08069bc4       0xc  WINDOW_Default.o [4]
  .text                ro code  0x08069bd0      0x24  LISTVIEW_Default.o [4]
  .text                ro code  0x08069bf4     0x298  STSCROLLBAR_Skin.o [3]
  .text                ro code  0x08069e8c      0x24  HEADER_Default.o [4]
  .text                ro code  0x08069eb0     0x33c  STHEADER_Skin.o [3]
  .text                ro code  0x0806a1ec      0x10  TEXT_Default.o [4]
  .text                ro code  0x0806a1fc      0xac  GUI_DispChar.o [4]
  .text                ro code  0x0806a2a8     0x1ec  IMAGE_GIF.o [4]
  .text                ro code  0x0806a494      0xaa  stm32f7xx_hal_rng.o [1]
  .text                ro code  0x0806a540      0x98  IMAGE_Bitmap.o [4]
  .text                ro code  0x0806a5d8       0xc  XXexit.o [9]
  .text                ro code  0x0806a5e4      0xb6  GUI_GetBitmapPixelIndex.o [4]
  .text                ro code  0x0806a69c     0x3e8  GUI__Alpha.o [4]
  .text                ro code  0x0806aa84      0x18  GUI__DivideRound32.o [4]
  .text                ro code  0x0806aa9c      0x2c  WM_GetScrollPartner.o [4]
  .text                ro code  0x0806aac8     0x626  stm32f7xx_ll_usb.o [1]
  .text                ro code  0x0806b0ee      0x3e  WIDGET_SetWidth.o [4]
  .text                ro code  0x0806b12c       0xa  GUI_GetClientRect.o [4]
  .text                ro code  0x0806b136      0x16  GUI__HandleEOLine.o [4]
  .text                ro code  0x0806b14c      0x98  stm32f7xx_hal_sdram.o [1]
  .text                ro code  0x0806b1e4     0x278  ft5336.o [1]
  .text                ro code  0x0806b45c      0x62  memcmp_unaligned.o [9]
  .text                ro code  0x0806b4be      0x78  GUI_DRAW.o [4]
  .text                ro code  0x0806b536      0x14  GUI_GetFontSizeY.o [4]
  .text                ro code  0x0806b54c    0x1144  GUI_GIF.o [4]
  .text                ro code  0x0806c690     0x520  IMAGE.o [4]
  .text                ro code  0x0806cbb0     0x242  LCD_ReadRect.o [4]
  .text                ro code  0x0806cdf4     0x242  GUI__ExpandPixelIndices.o [4]
  .text                ro code  0x0806d036      0x4e  WM_SetXSize.o [4]
  .text                ro code  0x0806d084      0x50  WM_SetYSize.o [4]
  .text                ro code  0x0806d0d4     0x14c  stm32f7xx_ll_fmc.o [1]
  .text                ro code  0x0806d220     0x24c  stm32746g_discovery.o [1]
  .text                ro code  0x0806d46c      0x14  GUI__GetFontSizeY.o [4]
  .text                ro code  0x0806d480      0x30  GUI__Read.o [4]
  .text                ro code  0x0806d4b0      0x68  GUIDEV_GetPos.o [4]
  .text                ro code  0x0806d518      0xe8  GUIDEV_Write.o [4]
  .text                ro code  0x0806d600      0x3c  GUIDEV_CreateFixed.o [4]
  .text                ro code  0x0806d63c     0x53c  stm32f7xx_hal_i2c.o [1]
  .text                ro code  0x0806db78    0x1f24  GUIVNC_Process.o [4]
  .text                ro code  0x0806fa9c      0xb4  GUICC_8666.o [4]
  .text                ro code  0x0806fb50      0x2c  GUI_MOUSE.o [4]
  .rodata              const    0x0806fb7c    0x1a68  F16_HK.o [4]
  .text                ro code  0x080715e4    0x17f4  video_player_win.o [1]
  .text                ro code  0x08072dd8     0x5dc  GUI_MOVIE.o [4]
  .text                ro code  0x080733b4     0x4f8  GUI_DrawLine.o [4]
  .text                ro code  0x080738ac      0x50  LISTVIEW_SetTextAlign.o [4]
  .text                ro code  0x080738fc     0x638  vnc_server_win.o [1]
  .text                ro code  0x08073f34     0x4dc  GUI_JPEG_DrawScaled.o [4]
  .text                ro code  0x08074410     0x26c  GUI_FillPolygon.o [4]
  .text                ro code  0x0807467c      0x20  GUI_DrawPoint.o [4]
  .text                ro code  0x0807469c     0x3cc  vnc_app.o [1]
  .text                ro code  0x08074a68     0x254  GUI_Circ.o [4]
  .text                ro code  0x08074cbc     0x684  sockets.o [1]
  .text                ro code  0x08075340      0x26  def.o [1]
  .text                ro code  0x08075368     0x112  netif.o [1]
  .text                ro code  0x0807547c     0x164  tcpip.o [1]
  .text                ro code  0x080755e0     0xb2a  dhcp.o [1]
  .text                ro code  0x0807610c      0xc0  GUIVNC_Authentication.o [4]
  .text                ro code  0x080761cc     0x388  api_lib.o [1]
  .text                ro code  0x08076554     0x34c  pbuf.o [1]
  .text                ro code  0x080768a0      0x72  netbuf.o [1]
  .text                ro code  0x08076914     0x1a8  sys_arch.o [1]
  .text                ro code  0x08076abc     0x944  tcp.o [1]
  .text                ro code  0x08077400     0x688  etharp.o [1]
  .text                ro code  0x08077a88     0x1ac  lwip_timers.o [1]
  .text                ro code  0x08077c34     0x224  ip.o [1]
  .text                ro code  0x08077e58      0xa0  memp.o [1]
  .text                ro code  0x08077ef8      0x26  init.o [1]
  .text                ro code  0x08077f20     0x250  mem.o [1]
  .text                ro code  0x08078170     0x37e  udp.o [1]
  .text                ro code  0x080784f0      0x20  srand.o [5]
  .text                ro code  0x08078510      0xe0  rand.o [5]
  .text                ro code  0x080785f0     0xd3c  GUIVNC_DES.o [4]
  .text                ro code  0x0807932c     0x9bc  api_msg.o [1]
  .text                ro code  0x08079ce8     0x9da  tcp_out.o [1]
  .text                ro code  0x0807a6c4      0x34  ip_addr.o [1]
  .text                ro code  0x0807a6f8     0x168  raw.o [1]
  .text                ro code  0x0807a860     0xb8c  tcp_in.o [1]
  .text                ro code  0x0807b3ec     0x16c  icmp.o [1]
  .text                ro code  0x0807b558      0xbe  inet_chksum.o [1]
  .rodata              const    0x0807b618    0x1398  F24_1.o [4]
  .rodata              const    0x0807c9b0    0x1294  F24_ASCII.o [4]
  .rodata              const    0x0807dc44     0xfd0  F20_ASCII.o [4]
  .text                ro code  0x0807ec14     0xf58  GUIDRV_Lin_16.o [4]
  .text                ro code  0x0807fb6c     0xf34  games_win.o [1]
  .text                ro code  0x08080aa0      0x36  FRAMEWIN_SetColors.o [4]
  .text                ro code  0x08080ad6      0x70  FRAMEWIN_SetFont.o [4]
  .text                ro code  0x08080b48     0x248  WINDOW.o [4]
  .text                ro code  0x08080d90      0xe2  FRAMEWIN__UpdateButtons.o [4]
  .text                ro code  0x08080e74     0xcc4  home_alarm_win.o [1]
  .text                ro code  0x08081b38     0xcb8  GUIDRV_Lin_32.o [4]
  .rodata              const    0x080827f0     0xb40  F16_1.o [4]
  .rodata              const    0x08083330     0xae0  F16B_1.o [4]
  .rodata              const    0x08083e10     0xaa0  F16_ASCII.o [4]
  .rodata              const    0x080848b0     0xa88  F16B_ASCII.o [4]
  .text                ro code  0x08085338     0xa04  GUIDEV_32.o [4]
  .text                ro code  0x08085d3c     0x9d8  GUIDEV_16.o [4]
  .text                ro code  0x08086714      0x58  GUI__memset16.o [4]
  .rodata              const    0x0808676c     0x9c0  F13B_ASCII.o [4]
  .rodata              const    0x0808712c     0x9c0  F13B_1.o [4]
  .rodata              const    0x08087aec     0x984  F13_1.o [4]
  .rodata              const    0x08088470     0x93c  F13_ASCII.o [4]
  .rodata              const    0x08088dac     0x7d8  F10_1.o [4]
  .rodata              const    0x08089584     0x7a0  F10_ASCII.o [4]
  .text                ro code  0x08089d24     0x76a  wm8994.o [1]
  .rodata              const    0x0808a490     0x764  audio_recorder_win.o [1]
  .rodata              const    0x0808abf4     0x718  F6x8.o [4]
  .text                ro code  0x0808b30c     0x6f6  stm32f7xx_hal_eth.o [1]
  .text                ro code  0x0808ba04     0x378  ethernetif.o [1]
  .rodata              const    0x0808bd7c     0x638  F08_1.o [4]
  .rodata              const    0x0808c3b4     0x5fc  F08_ASCII.o [4]
  .text                ro code  0x0808c9b0     0x52e  usbh_msc.o [1]
  .text                ro code  0x0808cee0     0x22e  usbh_msc_bot.o [1]
  .text                ro code  0x0808d10e     0x2a0  usbh_msc_scsi.o [1]
  .constdata           const    0x0808d3b0     0x4e8  filter.o [7]
  .text                ro code  0x0808d898     0x4b4  settings_win.o [1]
  .text                ro code  0x0808dd4c     0x420  GUIAA_DrawRoundedRect.o [4]
  .text                ro code  0x0808e16c     0x460  GUI__DrawTwinArc.o [4]
  .rodata              const    0x0808e5cc     0x440  settings_win.o [1]
  .text                ro code  0x0808ea0c     0x43c  SLIDER_SkinFlex.o [4]
  .text                ro code  0x0808ee48     0x314  GUI_DrawGradient.o [4]
  .text                ro code  0x0808f15c     0x420  SCROLLBAR_SkinFlex.o [4]
  .text                ro code  0x0808f57c      0x58  GUI_DrawPixel.o [4]
  .text                ro code  0x0808f5d4     0x414  gardening_control_win.o [1]
  .rodata              const    0x0808f9e8     0x3f4  vnc_server_win.o [1]
  .text                ro code  0x0808fddc     0x3f4  GUI_DrawBitmap_8888.o [4]
  .text                ro code  0x080901d0      0x68  GUI__SetPixelAlpha.o [4]
  .text                ro code  0x08090238      0x24  GUI_SetColorIndex.o [4]
  .text                ro code  0x0809025c     0x39c  FRAMEWIN_SkinFlex.o [4]
  .text                ro code  0x080905f8      0x30  FRAMEWIN_Get.o [4]
  .text                ro code  0x08090628     0x2dc  HEADER_SkinFlex.o [4]
  .text                ro code  0x08090904     0x2a8  BUTTON_SkinFlex.o [4]
  .text                ro code  0x08090bac     0x294  DROPDOWN_SkinFlex.o [4]
  .text                ro code  0x08090e40     0x268  SCROLLBAR_Skin.o [4]
  .text                ro code  0x080910a8     0x258  LCD_NextPixelAPI.o [4]
  .text                ro code  0x08091300     0x20c  SLIDER_Skin.o [4]
  .text                ro code  0x0809150c     0x1c2  lz77_init.o [9]
  .text                ro code  0x080916d0     0x18a  GUI_CharM.o [4]
  .text                ro code  0x0809185c     0x180  GUI_DrawBitmap_24.o [4]
  .text                ro code  0x080919dc     0x178  GUIDEV_WriteToActiveAlpha.o [4]
  .text                ro code  0x08091b54     0x170  GUIDEV_StaticDevices.o [4]
  .text                ro code  0x08091cc4      0x24  GUI_SetAlpha.o [4]
  .text                ro code  0x08091ce8     0x164  usbh_diskio.o [1]
  .text                ro code  0x08091e4c     0x164  FRAMEWIN_Skin.o [4]
  .text                ro code  0x08091fb0     0x13e  GUI_CharP.o [4]
  .text                ro code  0x080920f0     0x13c  HEADER_Skin.o [4]
  .text                ro code  0x0809222c     0x130  GUIAA_Char4.o [4]
  .text                ro code  0x0809235c     0x128  GUI_EncExt.o [4]
  .text                ro code  0x08092484      0xc4  GUI_CharPExt.o [4]
  .text                ro code  0x08092548     0x118  GUICC_M1555I.o [4]
  .rodata              const    0x08092660     0x110  CHOOSEFILE.o [4]
  .rodata              const    0x08092770     0x100  LCD_Mirror.o [4]
  .rodata              const    0x08092870     0x100  GUI__DivTbl_255_31.o [4]
  .text                ro code  0x08092970      0xd4  WIDGET_Effect_Simple.o [4]
  .text                ro code  0x08092a44      0xd0  GUICC_M8888I.o [4]
  .text                ro code  0x08092b14      0xc8  GUICC_0.o [4]
  .text                ro code  0x08092bdc      0x3e  GUI_CalcColorDist.o [4]
  .text                ro code  0x08092c1c      0xac  GUIAA_Char4Ext.o [4]
  .rodata              const    0x08092cc8      0x80  gardening_control_win.o [1]
  .constdata           const    0x08092d48      0x7c  flt.o [6]
  .rodata              const    0x08092dc4      0x74  home_alarm_win.o [1]
  .rodata              const    0x08092e38      0x6c  games_win.o [1]
  .text                ro code  0x08092ea4      0x68  stm32f7xx_it.o [1]
  .rodata              const    0x08092f0c      0x58  GUI_CursorHeaderMPx.o [4]
  .text                ro code  0x08092f64      0x50  system_stm32f7xx.o [1]
  .text                ro code  0x08092fb4      0x44  BUTTON_CreateIndirect.o [4]
  .text                ro code  0x08092ff8      0x40  FRAMEWIN_CreateIndirect.o [4]
  .text                ro code  0x08093038      0x40  zero_init3.o [9]
  .rodata              const    0x08093078      0x3c  F16_1HK.o [4]
  .text                ro code  0x080930b4      0x3c  TEXT_CreateIndirect.o [4]
  .text                ro code  0x080930f0      0x38  LISTVIEW_CreateIndirect.o [4]
  .text                ro code  0x08093128      0x38  DROPDOWN_CreateIndirect.o [4]
  .rodata              const    0x08093160      0x34  GUIDRV_Lin_16.o [4]
  .rodata              const    0x08093194      0x34  GUIDRV_Lin_32.o [4]
  .text                ro code  0x080931c8      0x28  GUICC_8888.o [4]
  .text                ro code  0x080931f0      0x28  data_init.o [9]
  .text                ro code  0x08093218      0x24  GUI_UC_EncodeNone.o [4]
  .text                ro code  0x0809323c      0x22  fpinit_M.o [8]
  .iar.init_table      const    0x08093260      0x3c  - Linker created -
  .rodata              const    0x0809329c      0x20  GUI__DivTbl_31_255.o [4]
  .rodata              const    0x080932bc      0x20  GUI_CursorHeaderM.o [4]
  .rodata              const    0x080932dc      0x1c  vnc_app.o [1]
  .rodata              const    0x080932f8      0x1c  vnc_app.o [1]
  .rodata              const    0x08093314      0x1c  vnc_app.o [1]
  .rodata              const    0x08093330      0x1c  vnc_app.o [1]
  .rodata              const    0x0809334c      0x1c  WIDGET_Effect_None.o [4]
  .rodata              const    0x08093368      0x1c  WIDGET_Effect_Simple.o [4]
  .text                ro code  0x08093384      0x1a  cmain.o [9]
  .text                ro code  0x0809339e       0x4  low_level_init.o [5]
  .text                ro code  0x080933a2       0x4  exit.o [5]
  .text                ro code  0x080933a8       0xa  cexit.o [9]
  .rodata              const    0x080933b4      0x18  vnc_app.o [1]
  .rodata              const    0x080933cc      0x18  GUICC_M1555I.o [4]
  .rodata              const    0x080933e4      0x18  GUICC_M8888I.o [4]
  .rodata              const    0x080933fc      0x18  GUICC_8888.o [4]
  .rodata              const    0x08093414      0x18  GUICC_0.o [4]
  .rodata              const    0x0809342c      0x18  GUI_CursorPal.o [4]
  .rodata              const    0x08093444      0x14  usbh_diskio.o [1]
  .rodata              const    0x08093458      0x14  vnc_app.o [1]
  .rodata              const    0x0809346c      0x14  vnc_app.o [1]
  .rodata              const    0x08093480      0x14  vnc_app.o [1]
  .rodata              const    0x08093494      0x10  audio_player_app.o [1]
  .rodata              const    0x080934a4      0x10  audio_recorder_app.o [1]
  .rodata              const    0x080934b4      0x10  k_storage.o [1]
  .rodata              const    0x080934c4      0x10  GUI_DrawBitmap_24.o [4]
  .rodata              const    0x080934d4      0x10  GUI_DrawBitmap_8888.o [4]
  .rodata              const    0x080934e4      0x10  GUIVNC_Process.o [4]
  .text                ro code  0x080934f4      0x10  startup_stm32f746xx.o [1]
  .rodata              const    0x08093504       0xc  main.o [1]
  .rodata              const    0x08093510       0xc  usbh_core.o [1]
  .rodata              const    0x0809351c       0xc  LCD.o [4]
  .rodata              const    0x08093528       0xc  GUI_EncExt.o [4]
  .text                ro code  0x08093534       0xc  cstartup_M.o [9]
  .rodata              const    0x08093540       0x8  ethernetif.o [1]
  .rodata              const    0x08093548       0x8  ip_addr.o [1]
  .rodata              const    0x08093550       0x8  vnc_app.o [1]
  .rodata              const    0x08093558       0x8  GUI_MULTIBUF.o [4]
  .rodata              const    0x08093560       0x4  usbh_msc.o [1]
  .rodata              const    0x08093564       0x4  vnc_app.o [1]
  .text                ro code  0x08093568       0x4  startup_stm32f746xx.o [1]
  .text                ro code  0x0809356c       0x4  startup_stm32f746xx.o [1]
  .text                ro code  0x08093570       0x4  startup_stm32f746xx.o [1]
  .text                ro code  0x08093574       0x4  startup_stm32f746xx.o [1]
  .text                ro code  0x08093578       0x4  startup_stm32f746xx.o [1]
  .text                ro code  0x0809357c       0x4  startup_stm32f746xx.o [1]
  .text                ro code  0x08093580       0x4  startup_stm32f746xx.o [1]
  .text                ro code  0x08093584       0x4  startup_stm32f746xx.o [1]
  .text                ro code  0x08093588       0x4  startup_stm32f746xx.o [1]
  .text                ro code  0x0809358c       0x4  startup_stm32f746xx.o [1]
  .text                ro code  0x08093590       0x4  startup_stm32f746xx.o [1]
  .text                ro code  0x08093594       0x4  startup_stm32f746xx.o [1]
  .text                ro code  0x08093598       0x4  startup_stm32f746xx.o [1]
  .text                ro code  0x0809359c       0x4  startup_stm32f746xx.o [1]
  .text                ro code  0x080935a0       0x4  startup_stm32f746xx.o [1]
  .text                ro code  0x080935a4       0x4  startup_stm32f746xx.o [1]
  .text                ro code  0x080935a8       0x4  startup_stm32f746xx.o [1]
  .text                ro code  0x080935ac       0x4  startup_stm32f746xx.o [1]
  .text                ro code  0x080935b0       0x4  startup_stm32f746xx.o [1]
  .text                ro code  0x080935b4       0x4  startup_stm32f746xx.o [1]
  .text                ro code  0x080935b8       0x4  startup_stm32f746xx.o [1]
  .text                ro code  0x080935bc       0x4  startup_stm32f746xx.o [1]
  .text                ro code  0x080935c0       0x4  startup_stm32f746xx.o [1]
  .text                ro code  0x080935c4       0x4  startup_stm32f746xx.o [1]
  .text                ro code  0x080935c8       0x4  startup_stm32f746xx.o [1]
  .text                ro code  0x080935cc       0x4  startup_stm32f746xx.o [1]
  .text                ro code  0x080935d0       0x4  startup_stm32f746xx.o [1]
  .text                ro code  0x080935d4       0x4  startup_stm32f746xx.o [1]
  .text                ro code  0x080935d8       0x4  startup_stm32f746xx.o [1]
  .text                ro code  0x080935dc       0x4  startup_stm32f746xx.o [1]
  .text                ro code  0x080935e0       0x4  startup_stm32f746xx.o [1]
  .text                ro code  0x080935e4       0x4  startup_stm32f746xx.o [1]
  .text                ro code  0x080935e8       0x4  startup_stm32f746xx.o [1]
  .text                ro code  0x080935ec       0x4  startup_stm32f746xx.o [1]
  .text                ro code  0x080935f0       0x4  startup_stm32f746xx.o [1]
  .text                ro code  0x080935f4       0x4  startup_stm32f746xx.o [1]
  .text                ro code  0x080935f8       0x4  startup_stm32f746xx.o [1]
  .text                ro code  0x080935fc       0x4  startup_stm32f746xx.o [1]
  .text                ro code  0x08093600       0x4  startup_stm32f746xx.o [1]
  .text                ro code  0x08093604       0x4  startup_stm32f746xx.o [1]
  .text                ro code  0x08093608       0x4  startup_stm32f746xx.o [1]
  .text                ro code  0x0809360c       0x4  startup_stm32f746xx.o [1]
  .text                ro code  0x08093610       0x4  startup_stm32f746xx.o [1]
  .text                ro code  0x08093614       0x4  startup_stm32f746xx.o [1]
  .text                ro code  0x08093618       0x4  startup_stm32f746xx.o [1]
  .text                ro code  0x0809361c       0x4  startup_stm32f746xx.o [1]
  .text                ro code  0x08093620       0x4  startup_stm32f746xx.o [1]
  .text                ro code  0x08093624       0x4  startup_stm32f746xx.o [1]
  .text                ro code  0x08093628       0x4  startup_stm32f746xx.o [1]
  .text                ro code  0x0809362c       0x4  startup_stm32f746xx.o [1]
  .text                ro code  0x08093630       0x4  startup_stm32f746xx.o [1]
  .text                ro code  0x08093634       0x4  startup_stm32f746xx.o [1]
  .text                ro code  0x08093638       0x4  startup_stm32f746xx.o [1]
  .text                ro code  0x0809363c       0x4  startup_stm32f746xx.o [1]
  .text                ro code  0x08093640       0x4  startup_stm32f746xx.o [1]
  .text                ro code  0x08093644       0x4  startup_stm32f746xx.o [1]
  .text                ro code  0x08093648       0x4  startup_stm32f746xx.o [1]
  .text                ro code  0x0809364c       0x4  startup_stm32f746xx.o [1]
  .text                ro code  0x08093650       0x4  startup_stm32f746xx.o [1]
  .text                ro code  0x08093654       0x4  startup_stm32f746xx.o [1]
  .text                ro code  0x08093658       0x4  startup_stm32f746xx.o [1]
  .text                ro code  0x0809365c       0x4  startup_stm32f746xx.o [1]
  .text                ro code  0x08093660       0x4  startup_stm32f746xx.o [1]
  .text                ro code  0x08093664       0x4  startup_stm32f746xx.o [1]
  .text                ro code  0x08093668       0x4  startup_stm32f746xx.o [1]
  .text                ro code  0x0809366c       0x4  startup_stm32f746xx.o [1]
  .text                ro code  0x08093670       0x4  startup_stm32f746xx.o [1]
  .text                ro code  0x08093674       0x4  startup_stm32f746xx.o [1]
  .text                ro code  0x08093678       0x4  startup_stm32f746xx.o [1]
  .text                ro code  0x0809367c       0x4  startup_stm32f746xx.o [1]
  .text                ro code  0x08093680       0x4  startup_stm32f746xx.o [1]
  .text                ro code  0x08093684       0x4  startup_stm32f746xx.o [1]
  .text                ro code  0x08093688       0x4  startup_stm32f746xx.o [1]
  .text                ro code  0x0809368c       0x4  startup_stm32f746xx.o [1]
  .text                ro code  0x08093690       0x4  startup_stm32f746xx.o [1]
  .text                ro code  0x08093694       0x4  startup_stm32f746xx.o [1]
  .text                ro code  0x08093698       0x4  startup_stm32f746xx.o [1]
  .text                ro code  0x0809369c       0x4  startup_stm32f746xx.o [1]
  .text                ro code  0x080936a0       0x4  startup_stm32f746xx.o [1]
  .text                ro code  0x080936a4       0x4  startup_stm32f746xx.o [1]
  .text                ro code  0x080936a8       0x4  startup_stm32f746xx.o [1]
  .text                ro code  0x080936ac       0x4  startup_stm32f746xx.o [1]
  .text                ro code  0x080936b0       0x4  startup_stm32f746xx.o [1]
  .text                ro code  0x080936b4       0x4  startup_stm32f746xx.o [1]
  .text                ro code  0x080936b8       0x4  startup_stm32f746xx.o [1]
  .text                ro code  0x080936bc       0x4  startup_stm32f746xx.o [1]
  .text                ro code  0x080936c0       0x4  startup_stm32f746xx.o [1]
  .text                ro code  0x080936c4       0x4  startup_stm32f746xx.o [1]
  .text                ro code  0x080936c8       0x4  startup_stm32f746xx.o [1]
  .text                ro code  0x080936cc       0x4  startup_stm32f746xx.o [1]
  .rodata              const    0x080936d0       0x0  zero_init3.o [9]
  .rodata              const    0x080936d0       0x0  lz77_init.o [9]
  Initializer bytes    const    0x080936d0     0x5c0  <for P2 s0>
                              - 0x08093c90   0x93ac8

Absolute sections, part 1 of 5:               0x4818
  .bss                 zero     0x20000000    0x4818  audio_if.o [1]
                              - 0x20004818    0x4818

Absolute sections, part 2 of 5:               0x7800
  .bss                 zero     0x20006024    0x7800  main.o [1]
                              - 0x2000d824    0x7800

Absolute sections, part 3 of 5:                 0xa0
  .noinit              uninit   0x2000e000      0xa0  ethernetif.o [1]
                              - 0x2000e0a0      0xa0

Absolute sections, part 4 of 5:                 0xa0
  .noinit              uninit   0x2000e100      0xa0  ethernetif.o [1]
                              - 0x2000e1a0      0xa0

Absolute sections, part 5 of 5:               0x3b88
  .noinit              uninit   0x2000e200    0x1dc4  ethernetif.o [1]
  .noinit              uninit   0x2000ffc4    0x1dc4  ethernetif.o [1]
                              - 0x20011d88    0x3b88

"P2":                                        0x30550
  P2 s0                         0x20011d88    0x2151  <Init block>
    .data              inited   0x20011d88     0x680  GUIVNC_Process.o [4]
    .data              inited   0x20012408     0x528  video_player_win.o [1]
    .data              inited   0x20012930     0x388  audio_player_win.o [1]
    .data              inited   0x20012cb8     0x360  k_storage.o [1]
    .data              inited   0x20013018     0x16c  audio_player_win.o [1]
    .data              inited   0x20013184     0x120  settings_win.o [1]
    .data              inited   0x200132a4      0x9c  tasks.o [1]
    .data              inited   0x20013340      0x98  GUI_Core.o [4]
    __DLIB_PERTHREAD   inited   0x200133d8      0x8c  rand.o [5]
    __DLIB_PERTHREAD   inited   0x20013464      0x88  localeconv.o [5]
    __DLIB_PERTHREAD   inited   0x200134ec      0x74  setlocale.o [5]
    .data              inited   0x20013560      0x68  GUI_OnKey.o [4]
    .data              inited   0x200135c8      0x68  GUIAA_Char4.o [4]
    .data              inited   0x20013630      0x64  stm32746g_discovery_sdram.o [1]
    .data              inited   0x20013694      0x58  SLIDER_SkinFlex.o [4]
    .data              inited   0x200136ec      0x58  FRAMEWIN_SkinFlex.o [4]
    .data              inited   0x20013744      0x58  SCROLLBAR_SkinFlex.o [4]
    .data              inited   0x2001379c      0x54  GUI_PID.o [4]
    .data              inited   0x200137f0      0x54  WM_Touch.o [4]
    .data              inited   0x20013844      0x40  LCDConf.o [1]
    .data              inited   0x20013884      0x40  ST_AnimatedIconView.o [3]
    .data              inited   0x200138c4      0x3c  DROPDOWN.o [4]
    .data              inited   0x20013900      0x38  CHOOSEFILE.o [4]
    .data              inited   0x20013938      0x38  LISTBOX.o [4]
    .data              inited   0x20013970      0x38  WM_ToolTip.o [4]
    .data              inited   0x200139a8      0x34  BUTTON.o [4]
    .data              inited   0x200139dc      0x30  wm8994.o [1]
    .data              inited   0x20013a0c      0x30  LISTVIEW.o [4]
    .data              inited   0x20013a3c      0x2c  FRAMEWIN.o [4]
    .data              inited   0x20013a68      0x2c  DROPDOWN_SkinFlex.o [4]
    .data              inited   0x20013a94      0x2c  DROPDOWN_SkinFlex.o [4]
    .data              inited   0x20013ac0      0x2c  DROPDOWN_SkinFlex.o [4]
    .data              inited   0x20013aec      0x2c  DROPDOWN_SkinFlex.o [4]
    .data              inited   0x20013b18      0x28  ft5336.o [1]
    .data              inited   0x20013b40      0x20  tcp.o [1]
    .data              inited   0x20013b60      0x20  usbh_msc.o [1]
    .data              inited   0x20013b80      0x20  BUTTON_SkinFlex.o [4]
    .data              inited   0x20013ba0      0x20  BUTTON_SkinFlex.o [4]
    .data              inited   0x20013bc0      0x20  BUTTON_SkinFlex.o [4]
    .data              inited   0x20013be0      0x20  BUTTON_SkinFlex.o [4]
    .data              inited   0x20013c00      0x1c  vnc_server_win.o [1]
    .data              inited   0x20013c1c      0x1c  SLIDER.o [4]
    .data              inited   0x20013c38      0x1c  GUI_Task.o [4]
    .data              inited   0x20013c54      0x1c  HEADER.o [4]
    .data              inited   0x20013c70      0x1c  HEADER_SkinFlex.o [4]
    .data              inited   0x20013c8c      0x18  audio_recorder_win.o [1]
    .data              inited   0x20013ca4      0x18  games_win.o [1]
    .data              inited   0x20013cbc      0x18  gardening_control_win.o [1]
    .data              inited   0x20013cd4      0x18  home_alarm_win.o [1]
    .data              inited   0x20013cec      0x18  settings_win.o [1]
    .data              inited   0x20013d04      0x18  video_player_win.o [1]
    .data              inited   0x20013d1c      0x18  SCROLLBAR.o [4]
    .data              inited   0x20013d34      0x14  audio_player_win.o [1]
    .data              inited   0x20013d48      0x14  audio_recorder_win.o [1]
    .data              inited   0x20013d5c      0x14  games_win.o [1]
    .data              inited   0x20013d70      0x14  gardening_control_win.o [1]
    .data              inited   0x20013d84      0x14  home_alarm_win.o [1]
    .data              inited   0x20013d98      0x14  settings_win.o [1]
    .data              inited   0x20013dac      0x14  video_player_win.o [1]
    .data              inited   0x20013dc0      0x14  vnc_server_win.o [1]
    .data              inited   0x20013dd4      0x14  FRAMEWIN_Skin.o [4]
    .data              inited   0x20013de8      0x10  TEXT.o [4]
    .data              inited   0x20013df8      0x10  GUIVNC_Authentication.o [4]
    .data              inited   0x20013e08      0x10  LCD_NextPixelAPI.o [4]
    .data              inited   0x20013e18      0x10  LCD_Color.o [4]
    .data              inited   0x20013e28       0xc  port.o [1]
    .data              inited   0x20013e34       0xc  BUTTON_Skin.o [4]
    .data              inited   0x20013e40       0xc  DROPDOWN_Skin.o [4]
    .data              inited   0x20013e4c       0xc  SLIDER_Skin.o [4]
    .data              inited   0x20013e58       0xc  HEADER_Skin.o [4]
    .data              inited   0x20013e64       0xc  SCROLLBAR_Skin.o [4]
    .data              inited   0x20013e70       0x8  stm32746g_discovery_audio.o [1]
    .data              inited   0x20013e78       0x8  udp.o [1]
    .data              inited   0x20013e80       0x8  BUTTON.o [4]
    .data              inited   0x20013e88       0x8  HEADER.o [4]
    .data              inited   0x20013e90       0x8  GUI_EncExt.o [4]
    .data              inited   0x20013e98       0x8  GUIAA_Char4.o [4]
    .data              inited   0x20013ea0       0x8  GUI__Wrap.o [4]
    .data              inited   0x20013ea8       0x4  dhcp.o [1]
    .data              inited   0x20013eac       0x4  system_stm32f7xx.o [1]
    .data              inited   0x20013eb0       0x4  GUI_Core.o [4]
    .data              inited   0x20013eb4       0x4  WIDGET.o [4]
    .data              inited   0x20013eb8       0x4  WINDOW.o [4]
    .data              inited   0x20013ebc       0x4  LCD.o [4]
    .data              inited   0x20013ec0       0x4  HEADER.o [4]
    .data              inited   0x20013ec4       0x4  GUI_GIF.o [4]
    .data              inited   0x20013ec8       0x4  GUI_CharLine.o [4]
    .data              inited   0x20013ecc       0x4  LCD_AA.o [4]
    .data              inited   0x20013ed0       0x4  GUI__Alpha.o [4]
    .data              inited   0x20013ed4       0x2  tcp.o [1]
    .data              inited   0x20013ed6       0x2  SCROLLBAR.o [4]
    .data              inited   0x20013ed8       0x1  GUIDEV_StaticDevices.o [4]
  .bss                 zero     0x20013edc   0x20000  GUIConf.o [1]
  .bss                 zero     0x20033edc    0x4dc0  memp.o [1]
  .bss                 zero     0x20038c9c    0x1b48  video_player_win.o [1]
  .bss                 zero     0x2003a7e4    0x181c  audio_player_win.o [1]
  .bss                 zero     0x2003c000    0x1424  mem.o [1]
  .bss                 zero     0x2003d424     0x528  games_win.o [1]
  .bss                 zero     0x2003d94c     0x404  audio_player_app.o [1]
  .bss                 zero     0x2003dd50     0x2dc  k_storage.o [1]
  .bss                 zero     0x2003e02c     0x294  usbh_conf.o [1]
  .bss                 zero     0x2003e2c0     0x234  k_storage.o [1]
  .bss                 zero     0x2003e4f4     0x22c  audio_player_app.o [1]
  .bss                 zero     0x2003e720     0x22c  audio_recorder_app.o [1]
  .bss                 zero     0x2003e94c     0x200  usbh_diskio.o [1]
  .bss                 zero     0x2003eb4c     0x1d8  dlmalloc.o [5]
  .bss                 zero     0x2003ed24     0x190  games_win.o [1]
  .bss                 zero     0x2003eeb4     0x11c  audio_recorder_win.o [1]
  .bss                 zero     0x2003efd0     0x100  GUI_GIF.o [4]
  .bss                 zero     0x2003f0d0      0xf0  tasks.o [1]
  .bss                 zero     0x2003f1c0      0xd4  GUI_Alloc.o [4]
  .bss                 zero     0x2003f294      0xc8  etharp.o [1]
  .bss                 zero     0x2003f35c      0xa8  LCDConf.o [1]
  .bss                 zero     0x2003f404      0x84  games_win.o [1]
  .bss                 zero     0x2003f488      0x84  LCDConf.o [1]
[...]
                        0x200132d4      0x4  Data  Lc  tasks.o [1]
pxOverflowTimerList     0x2003fc38      0x4  Data  Lc  timers.o [1]
pxPortInitialiseStack   0x080466a9     0x22  Code  Gb  port.o [1]
pxReadyTasksLists       0x2003f0d0     0xf0  Data  Lc  tasks.o [1]
ram                     0x2003c000      0x4  Data  Lc  mem.o [1]
ram_end                 0x2003c004      0x4  Data  Lc  mem.o [1]
ram_heap                0x2003c00c   0x1414  Data  Gb  mem.o [1]
rand                    0x08078511     0xe0  Code  Gb  rand.o [5]
raw_bind                0x0807a767      0xa  Code  Gb  raw.o [1]
raw_input               0x0807a6f9     0x6e  Code  Gb  raw.o [1]
raw_new                 0x0807a82d     0x26  Code  Gb  raw.o [1]
raw_pcbs                0x20040064      0x4  Data  Lc  raw.o [1]
raw_recv                0x0807a771      0x6  Code  Gb  raw.o [1]
raw_remove              0x0807a805     0x28  Code  Gb  raw.o [1]
raw_send                0x0807a801      0x4  Code  Gb  raw.o [1]
raw_sendto              0x0807a777     0x8a  Code  Gb  raw.o [1]
record_bmpause          0x08066020     0x14  Data  Gb  audio_recorder_win.o [1]
record_bmpause_des      0x0806570c     0x14  Data  Gb  audio_recorder_win.o [1]
record_bmpause_pressed  0x08065fe4     0x14  Data  Gb  audio_recorder_win.o [1]
record_bmplay           0x0806600c     0x14  Data  Gb  audio_recorder_win.o [1]
record_bmplay_pressed   0x08065fd0     0x14  Data  Gb  audio_recorder_win.o [1]
record_bmstop           0x08065684     0x14  Data  Gb  audio_recorder_win.o [1]
record_bmstop_des       0x08065698     0x14  Data  Gb  audio_recorder_win.o [1]
record_bmstop_pressed   0x08065ff8     0x14  Data  Gb  audio_recorder_win.o [1]
recv_data               0x2003fd9c      0x4  Data  Lc  tcp_in.o [1]
recv_flags              0x2003fd75      0x1  Data  Lc  tcp_in.o [1]
recv_raw                0x0807932d     0x6c  Code  Lc  api_msg.o [1]
recv_tcp                0x08079401     0x5a  Code  Lc  api_msg.o [1]
recv_udp                0x08079399     0x60  Code  Lc  api_msg.o [1]
remove_chain            0x08050141     0x5e  Code  Lc  ff.o [1]
s_nextthread            0x200400c4      0x2  Data  Lc  sys_arch.o [1]
s_xSemaphore            0x2003fb34      0x4  Data  Gb  ethernetif.o [1]
scratch                 0x2003e94c    0x200  Data  Lc  usbh_diskio.o [1]
sdramHandle             0x20013634     0x34  Data  Lc  stm32746g_discovery_sdram.o [1]
segment_holding         0x08060719     0x1a  Code  Lc  dlmalloc.o [5]
select_cb_ctr           0x2004001c      0x4  Data  Lc  sockets.o [1]
select_cb_list          0x20040018      0x4  Data  Lc  sockets.o [1]
sent_tcp                0x080794a7     0x54  Code  Lc  api_msg.o [1]
seqno                   0x2003fd94      0x4  Data  Lc  tcp_in.o [1]
settings                0x20013d98     0x14  Data  Gb  settings_win.o [1]
settings_board          0x20013cec     0x18  Data  Gb  settings_win.o [1]
setup_tcp               0x08079583     0x3a  Code  Lc  api_msg.o [1]
sf                      0x0808d874     0x24  Data  Lc  filter.o [7]
sockets                 0x2003f8f8     0x60  Data  Lc  sockets.o [1]
sprintf                 0x0804f839     0x34  Code  Gb  sprintf.o [5]
srand                   0x080784f1     0x20  Code  Gb  srand.o [5]
st_clust                0x08050415     0x12  Code  Lc  ff.o [1]
step                    0x2001243c      0x4  Data  Gb  video_player_win.o [1]
strcat                  0x08051b91     0x1c  Code  Gb  strcat.o [5]
strchr                  0x0805a139           Code  Gb  strchr.o [9]
strlen                  0x0805b7d9           Code  Gb  strlen.o [9]
sum_sfn                 0x080504a7     0x1c  Code  Lc  ff.o [1]
sync_fs                 0x0804fef1     0x9a  Code  Lc  ff.o [1]
sync_window             0x0804fe61     0x58  Code  Lc  ff.o [1]
sys_alloc               0x08060b05    0x386  Code  Lc  dlmalloc.o [5]
sys_arch_mbox_fetch     0x08076973     0x44  Code  Gb  sys_arch.o [1]
sys_arch_mbox_tryfetch  0x080769c1     0x1c  Code  Gb  sys_arch.o [1]
sys_arch_sem_wait       0x08076a19     0x3a  Code  Gb  sys_arch.o [1]
sys_init                0x08076a77      0x8  Code  Gb  sys_arch.o [1]
sys_mbox_free           0x08076931     0x14  Code  Gb  sys_arch.o [1]
sys_mbox_new            0x08076915     0x1c  Code  Gb  sys_arch.o [1]
sys_mbox_post           0x08076945     0x14  Code  Gb  sys_arch.o [1]
sys_mbox_set_invalid    0x080769df      0x2  Code  Gb  sys_arch.o [1]
sys_mbox_trypost        0x08076959     0x1a  Code  Gb  sys_arch.o [1]
sys_mbox_valid          0x080769dd      0x2  Code  Gb  sys_arch.o [1]
sys_sem_free            0x08076a5f      0x6  Code  Gb  sys_arch.o [1]
sys_sem_new             0x080769e1     0x38  Code  Gb  sys_arch.o [1]
sys_sem_set_invalid     0x08076a6f      0x2  Code  Gb  sys_arch.o [1]
sys_sem_signal          0x08076a53      0xc  Code  Gb  sys_arch.o [1]
sys_sem_valid           0x08076a65      0x2  Code  Gb  sys_arch.o [1]
sys_thread_new          0x08076a7f     0x38  Code  Gb  sys_arch.o [1]
sys_timeout             0x08077b0f     0x52  Code  Gb  lwip_timers.o [1]
sys_timeouts_init       0x08077af1     0x12  Code  Gb  lwip_timers.o [1]
sys_timeouts_mbox_fetch
                        0x08077bb9     0x5c  Code  Gb  lwip_timers.o [1]
sys_untimeout           0x08077b75     0x44  Code  Gb  lwip_timers.o [1]
tcp_abandon             0x08076c3f     0x86  Code  Gb  tcp.o [1]
tcp_abort               0x08076ccd      0x4  Code  Gb  tcp.o [1]
tcp_accept              0x080772e9      0x4  Code  Gb  tcp.o [1]
tcp_accept_null         0x08076d43      0x6  Code  Lc  tcp.o [1]
tcp_active_pcbs         0x20013b50      0x4  Data  Gb  tcp.o [1]
tcp_active_pcbs_changed
                        0x20013b40      0x1  Data  Gb  tcp.o [1]
tcp_alloc               0x080771e7     0xec  Code  Gb  tcp.o [1]
tcp_arg                 0x080772d7      0x4  Code  Gb  tcp.o [1]
tcp_backoff             0x080773d8     0x10  Data  Gb  tcp.o [1]
tcp_bind                0x08076cd1     0x72  Code  Gb  tcp.o [1]
tcp_bound_pcbs          0x20013b48      0x4  Data  Gb  tcp.o [1]
tcp_close               0x08076be9     0x12  Code  Gb  tcp.o [1]
tcp_close_shutdown      0x08076add     0xfa  Code  Lc  tcp.o [1]
tcp_create_segment      0x08079d95     0xa0  Code  Lc  tcp_out.o [1]
tcp_eff_send_mss        0x080773b5     0x22  Code  Gb  tcp.o [1]
tcp_enqueue_flags       0x0807a1c5     0x98  Code  Gb  tcp_out.o [1]
tcp_err                 0x080772e3      0x6  Code  Gb  tcp.o [1]
tcp_fasttmr             0x080770dd     0x54  Code  Gb  tcp.o [1]
tcp_init                0x08076abd      0x2  Code  Gb  tcp.o [1]
tcp_input               0x0807a861    0x344  Code  Gb  tcp_in.o [1]
tcp_input_pcb           0x2003fda0      0x4  Data  Gb  tcp_in.o [1]
tcp_keepalive           0x0807a5f1     0x2c  Code  Gb  tcp_out.o [1]
tcp_listen_input        0x0807abb1     0xe0  Code  Lc  tcp_in.o [1]
tcp_listen_pcbs         0x20013b4c      0x4  Data  Gb  tcp.o [1]
tcp_listen_with_backlog
                        0x08076d49     0x7a  Code  Gb  tcp.o [1]
tcp_new                 0x080772d3      0x4  Code  Gb  tcp.o [1]
tcp_new_port            0x08076e33     0x4c  Code  Lc  tcp.o [1]
tcp_next_iss            0x08077385      0xc  Code  Gb  tcp.o [1]
tcp_output              0x0807a29d    0x154  Code  Gb  tcp_out.o [1]
tcp_output_alloc_header
                        0x08079ce9     0x70  Code  Lc  tcp_out.o [1]
tcp_output_segment      0x0807a40b     0xa6  Code  Lc  tcp_out.o [1]
tcp_parseopt            0x0807b353     0x76  Code  Lc  tcp_in.o [1]
tcp_pbuf_prealloc       0x08079e35     0x5a  Code  Lc  tcp_out.o [1]
tcp_pcb_lists           0x080773f0     0x10  Data  Gb  tcp.o [1]
tcp_pcb_purge           0x080772f5     0x42  Code  Gb  tcp.o [1]
tcp_pcb_remove          0x08077337     0x4e  Code  Gb  tcp.o [1]
tcp_persist_backoff     0x080773e8      0x8  Data  Gb  tcp.o [1]
tcp_poll                0x080772ed      0x8  Code  Gb  tcp.o [1]
tcp_port                0x20013ed4      0x2  Data  Lc  tcp.o [1]
tcp_process             0x0807ac91    0x2ce  Code  Lc  tcp_in.o [1]
tcp_process_refused_data
                        0x08077131     0x66  Code  Gb  tcp.o [1]
tcp_receive             0x0807af7b    0x3aa  Code  Lc  tcp_in.o [1]
tcp_recv                0x080772db      0x4  Code  Gb  tcp.o [1]
tcp_recv_null           0x080771c5     0x22  Code  Gb  tcp.o [1]
tcp_recved              0x08076df9     0x3a  Code  Gb  tcp.o [1]
tcp_rexmit              0x0807a561     0x42  Code  Gb  tcp_out.o [1]
tcp_rexmit_fast         0x0807a5ab     0x46  Code  Gb  tcp_out.o [1]
tcp_rexmit_rto          0x0807a537     0x2a  Code  Gb  tcp_out.o [1]
tcp_rst                 0x0807a4c1     0x76  Code  Gb  tcp_out.o [1]
tcp_seg_free            0x080771a9     0x1c  Code  Gb  tcp.o [1]
tcp_segs_free           0x08077197     0x12  Code  Gb  tcp.o [1]
tcp_send_empty_ack      0x0807a25d     0x40  Code  Gb  tcp_out.o [1]
tcp_send_fin            0x08079d59     0x3c  Code  Gb  tcp_out.o [1]
tcp_sent                0x080772df      0x4  Code  Gb  tcp.o [1]
tcp_shutdown            0x08076bfb     0x44  Code  Gb  tcp.o [1]
tcp_slowtmr             0x08076e7f    0x252  Code  Gb  tcp.o [1]
tcp_ticks               0x20013b44      0x4  Data  Gb  tcp.o [1]
tcp_timer               0x200400ce      0x1  Data  Lc  tcp.o [1]
tcp_timer_ctr           0x20013b41      0x1  Data  Lc  tcp.o [1]
tcp_timer_needed        0x08077aad     0x24  Code  Gb  lwip_timers.o [1]
tcp_tmp_pcb             0x20013b58      0x4  Data  Gb  tcp.o [1]
tcp_tmr                 0x08076abf     0x1e  Code  Gb  tcp.o [1]
tcp_tw_pcbs             0x20013b54      0x4  Data  Gb  tcp.o [1]
tcp_update_rcv_ann_wnd  0x08076dc3     0x36  Code  Gb  tcp.o [1]
tcp_write               0x08079e8f    0x32a  Code  Gb  tcp_out.o [1]
tcp_zero_window_probe   0x0807a629     0x82  Code  Gb  tcp_out.o [1]
tcphdr                  0x2003fd90      0x4  Data  Lc  tcp_in.o [1]
tcpip_apimsg            0x08075563     0x40  Code  Gb  tcpip.o [1]
tcpip_init              0x080755a3     0x2e  Code  Gb  tcpip.o [1]
tcpip_init_done         0x2003ffdc      0x4  Data  Lc  tcpip.o [1]
tcpip_init_done_arg     0x2003ffe0      0x4  Data  Lc  tcpip.o [1]
tcpip_input             0x08075519     0x36  Code  Gb  tcpip.o [1]
tcpip_tcp_timer         0x08077a89     0x24  Code  Lc  lwip_timers.o [1]
tcpip_tcp_timer_active  0x2004005c      0x4  Data  Lc  lwip_timers.o [1]
tcpip_thread            0x0807547d     0x92  Code  Lc  tcpip.o [1]
tcplen                  0x2003fd8c      0x2  Data  Lc  tcp_in.o [1]
tmalloc_large           0x08060e99    0x390  Code  Lc  dlmalloc.o [5]
tmalloc_small           0x08061229    0x210  Code  Lc  dlmalloc.o [5]
tmpEqBand               0x2003d9a8      0x4  Data  Gb  audio_player_app.o [1]
transition_len          0x0805889d     0xa0  Code  Lc  filter.o [7]
tsDriver                0x2003fd14      0x4  Data  Lc  stm32746g_discovery_ts.o [1]
tsOrientation           0x2003fd0c      0x1  Data  Lc  stm32746g_discovery_ts.o [1]
tsXBoundary             0x2003fd0e      0x2  Data  Lc  stm32746g_discovery_ts.o [1]
tsYBoundary             0x2003fd10      0x2  Data  Lc  stm32746g_discovery_ts.o [1]
ucHeap                  0x20006024   0x7800  Data  Gb  main.o [1]
ucMaxSysCallPriority    0x20013e28      0x1  Data  Lc  port.o [1]
udp_bind                0x080783d3     0x80  Code  Gb  udp.o [1]
udp_connect             0x08078453     0x46  Code  Gb  udp.o [1]
udp_init                0x08078171      0x2  Code  Gb  udp.o [1]
udp_input               0x08078173    0x174  Code  Gb  udp.o [1]
udp_new                 0x080784d5     0x1a  Code  Gb  udp.o [1]
udp_pcbs                0x20013e7c      0x4  Data  Gb  udp.o [1]
udp_port                0x20013e78      0x2  Data  Lc  udp.o [1]
udp_recv                0x08078499      0x6  Code  Gb  udp.o [1]
udp_remove              0x0807849f     0x28  Code  Gb  udp.o [1]
udp_send                0x080782e7      0x4  Code  Gb  udp.o [1]
udp_sendto              0x080782eb     0x28  Code  Gb  udp.o [1]
udp_sendto_if           0x08078313     0xc0  Code  Gb  udp.o [1]
ulMaxPRIGROUPValue      0x20013e30      0x4  Data  Lc  port.o [1]
unlock_fs               0x0804fd19     0x1e  Code  Lc  ff.o [1]
uwTick                  0x20040068      0x4  Data  Lc  stm32f7xx_hal.o [1]
uxCriticalNesting       0x20013e2c      0x4  Data  Lc  port.o [1]
uxCurrentNumberOfTasks  0x200132f0      0x4  Data  Lc  tasks.o [1]
uxListRemove            0x080468eb     0x24  Code  Gb  list.o [1]
uxPendedTicks           0x20013300      0x4  Data  Lc  tasks.o [1]
uxQueueMessagesWaiting  0x08047461     0x14  Code  Gb  queue.o [1]
uxSchedulerSuspended    0x20013314      0x4  Data  Lc  tasks.o [1]
uxTaskNumber            0x2001330c      0x4  Data  Lc  tasks.o [1]
uxTasksDeleted          0x200132d8      0x4  Data  Lc  tasks.o [1]
uxTopReadyPriority      0x200132f8      0x4  Data  Lc  tasks.o [1]
vApplicationIdleHook    0x08046c69     0x10  Code  Gb  cpu_utils.o [1]
vApplicationTickHook    0x08046c79     0x36  Code  Gb  cpu_utils.o [1]
vListInitialise         0x08046881     0x1a  Code  Gb  list.o [1]
vListInitialiseItem     0x0804689b      0x6  Code  Gb  list.o [1]
vListInsert             0x080468b9     0x32  Code  Gb  list.o [1]
vListInsertEnd          0x080468a1     0x18  Code  Gb  list.o [1]
vPortEnableVFP          0x080476f1           Code  Gb  portasm.o [1]
vPortEnterCritical      0x0804676d     0x3a  Code  Gb  port.o [1]
vPortExitCritical       0x080467a7     0x28  Code  Gb  port.o [1]
vPortFree               0x08046dfd     0x44  Code  Gb  heap_4.o [1]
vPortSetupTimerInterrupt
                        0x080467f9     0x18  Code  Wk  port.o [1]
vPortStartFirstTask     0x080476d9           Code  Gb  portasm.o [1]
vPortValidateInterruptPriority
                        0x08046811     0x4a  Code  Gb  port.o [1]
vQueueAddToRegistry     0x08047587     0x20  Code  Gb  queue.o [1]
vQueueDelete            0x0804747d     0x1a  Code  Gb  queue.o [1]
vQueueUnregisterQueue   0x080475a7     0x1e  Code  Gb  queue.o [1]
vQueueWaitForMessageRestricted
                        0x080475cd     0x38  Code  Gb  queue.o [1]
vTaskDelay              0x0804468b     0x36  Code  Gb  tasks.o [1]
vTaskDelete             0x0804463f     0x42  Code  Gb  tasks.o [1]
vTaskMissedYield        0x08044c2d      0x8  Code  Gb  tasks.o [1]
vTaskPlaceOnEventList   0x08044aad     0x26  Code  Gb  tasks.o [1]
vTaskPlaceOnEventListRestricted
                        0x08044b0f     0x2a  Code  Gb  tasks.o [1]
vTaskPriorityInherit    0x08044d81     0x6a  Code  Gb  tasks.o [1]
vTaskResume             0x080447a1     0x44  Code  Gb  tasks.o [1]
vTaskSetTimeOutState    0x08044b9f     0x24  Code  Gb  tasks.o [1]
vTaskStartScheduler     0x08044877     0x54  Code  Gb  tasks.o [1]
vTaskSuspend            0x080446c9     0x4e  Code  Gb  tasks.o [1]
vTaskSuspendAll         0x080448cb      0xc  Code  Gb  tasks.o [1]
vTaskSwitchContext      0x08044a59     0x54  Code  Gb  tasks.o [1]
validate                0x08050ff7     0x3e  Code  Lc  ff.o [1]
video_player_board      0x20013d04     0x18  Data  Gb  video_player_win.o [1]
vnc_bmplay_unpressed    0x08073e38     0x14  Data  Gb  vnc_server_win.o [1]
vnc_connection          0x903634b8   0xa56c  Data  Lc  vnc_server_win.o [1]
vnc_server              0x20013c04     0x18  Data  Gb  vnc_server_win.o [1]
wav_file                0x2003e4f4    0x22c  Data  Lc  audio_player_app.o [1]
wav_file                0x2003e720    0x22c  Data  Lc  audio_recorder_app.o [1]
wm8994_DeInit           0x0808a169      0x4  Code  Gb  wm8994.o [1]
wm8994_Init             0x08089d25    0x428  Code  Gb  wm8994.o [1]
wm8994_Pause            0x0808a183     0x1a  Code  Gb  wm8994.o [1]
wm8994_Play             0x0808a181      0x2  Code  Gb  wm8994.o [1]
wm8994_ReadID           0x0808a16d     0x14  Code  Gb  wm8994.o [1]
wm8994_Reset            0x0808a467     0x14  Code  Gb  wm8994.o [1]
wm8994_Resume           0x0808a19d      0x2  Code  Gb  wm8994.o [1]
wm8994_SetFrequency     0x0808a411     0x56  Code  Gb  wm8994.o [1]
wm8994_SetMute          0x0808a329     0x36  Code  Gb  wm8994.o [1]
wm8994_SetOutputMode    0x0808a35f     0xac  Code  Gb  wm8994.o [1]
wm8994_SetVolume        0x0808a211    0x10c  Code  Gb  wm8994.o [1]
wm8994_Stop             0x0808a1a3     0x60  Code  Gb  wm8994.o [1]
wm8994_drv              0x200139dc     0x30  Data  Gb  wm8994.o [1]
xActiveTimerList1       0x2003fc44     0x14  Data  Lc  timers.o [1]
xActiveTimerList2       0x2003fc58     0x14  Data  Lc  timers.o [1]
xBlockAllocatedBit      0x2003fee8      0x4  Data  Lc  heap_4.o [1]
xDelayedTaskList1       0x20013318     0x14  Data  Lc  tasks.o [1]
xDelayedTaskList2       0x2001332c     0x14  Data  Lc  tasks.o [1]
xFreeBytesRemaining     0x2003fee0      0x4  Data  Lc  heap_4.o [1]
xIdleHandle             0x2003febc      0x4  Data  Gb  cpu_utils.o [1]
xMinimumEverFreeBytesRemaining
                        0x2003fee4      0x4  Data  Lc  heap_4.o [1]
xNextTaskUnblockTime    0x20013310      0x4  Data  Lc  tasks.o [1]
xNumOfOverflows         0x20013308      0x4  Data  Lc  tasks.o [1]
xPendingReadyList       0x200132a4     0x14  Data  Lc  tasks.o [1]
xPortStartScheduler     0x080466fb     0x72  Code  Gb  port.o [1]
xPortSysTickHandler     0x080467cf     0x2a  Code  Gb  port.o [1]
xQueueCreateCountingSemaphore
                        0x08047011     0x2c  Code  Gb  queue.o [1]
xQueueCreateMutex       0x08046fa7     0x56  Code  Gb  queue.o [1]
xQueueGenericCreate     0x08046f53     0x54  Code  Gb  queue.o [1]
xQueueGenericReceive    0x08047297    0x11c  Code  Gb  queue.o [1]
xQueueGenericReset      0x08046ee1     0x72  Code  Gb  queue.o [1]
xQueueGenericSend       0x0804703d    0x110  Code  Gb  queue.o [1]
xQueueGenericSendFromISR
                        0x0804716d     0x86  Code  Gb  queue.o [1]
xQueueGiveFromISR       0x08047205     0x70  Code  Gb  queue.o [1]
xQueueReceiveFromISR    0x080473c3     0x68  Code  Gb  queue.o [1]
xQueueRegistry          0x2003fb7c     0x40  Data  Gb  queue.o [1]
xSchedulerRunning       0x200132fc      0x4  Data  Lc  tasks.o [1]
xStart                  0x2003fed4      0x8  Data  Lc  heap_4.o [1]
xSuspendedTaskList      0x200132dc     0x14  Data  Lc  tasks.o [1]
xTaskCheckForTimeOut    0x08044bc3     0x50  Code  Gb  tasks.o [1]
xTaskGenericCreate      0x0804452d    0x112  Code  Gb  tasks.o [1]
xTaskGetCurrentTaskHandle
                        0x08044d65      0x6  Code  Gb  tasks.o [1]
xTaskGetSchedulerState  0x08044d6b     0x16  Code  Gb  tasks.o [1]
xTaskGetTickCount       0x08044981      0x8  Code  Gb  tasks.o [1]
xTaskGetTickCountFromISR
                        0x08044989      0xe  Code  Gb  tasks.o [1]
xTaskIncrementTick      0x08044997     0xc2  Code  Gb  tasks.o [1]
xTaskPriorityDisinherit
                        0x08044deb     0x6e  Code  Gb  tasks.o [1]
xTaskRemoveFromEventList
                        0x08044b39     0x54  Code  Gb  tasks.o [1]
xTaskResumeAll          0x080448d7     0x96  Code  Gb  tasks.o [1]
xTaskResumeFromISR      0x08044801     0x64  Code  Gb  tasks.o [1]
xTasksWaitingTermination
                        0x200132b8     0x14  Data  Lc  tasks.o [1]
xTickCount              0x200132f4      0x4  Data  Lc  tasks.o [1]
xTimerCreate            0x08046947     0x3c  Code  Gb  timers.o [1]
xTimerCreateTimerTask   0x08046911     0x36  Code  Gb  timers.o [1]
xTimerGenericCommand    0x08046983     0x48  Code  Gb  timers.o [1]
xTimerIsTimerActive     0x08046c3d     0x14  Code  Gb  timers.o [1]
xTimerQueue             0x2003fc3c      0x4  Data  Lc  timers.o [1]
xYieldPending           0x20013304      0x4  Data  Lc  tasks.o [1]


[1] = F:\PATH_EN\Code\STM32F746G-RadioYuN\Projects\STM32F746G-DISCO\RadioYuN\IAR\STM32F7-DISCO\Obj
[2] = command line
[3] = STM32746G_Discovery_STemWin_Addons_IAR.a
[4] = STemWin528_CM7_OS_IAR_ot.a
[5] = dl7M_tlf.a
[6] = lib_equalizer_cortex_m4.a
[7] = lib_loudness_cortex_m4.a
[8] = m7M_tls.a
[9] = rt7M_tl.a

    298 734 bytes of readonly  code memory
  6 509 006 bytes of readonly  data memory
    197 965 bytes of readwrite data memory (+ 64 736 absolute)

Errors: none
Warnings: none
